###############################################################################
#
# IAR ELF Linker V7.10.1.6676/W32 for ARM                 30/Oct/2016  21:28:51
# Copyright 2007-2014 IAR Systems AB.
#
#    Output file  =  
#        C:\Users\Jamorn\Desktop\ccd_program\Prj\IAR\DZ10_Debug\Exe\vcan_Kinetis.out
#    Map file     =  
#        C:\Users\Jamorn\Desktop\ccd_program\Prj\IAR\DZ10_Debug\List\vcan_Kinetis.map
#    Command line =  
#        C:\Users\Jamorn\Desktop\ccd_program\Prj\IAR\DZ10_Debug\Obj\anjian.o
#        C:\Users\Jamorn\Desktop\ccd_program\Prj\IAR\DZ10_Debug\Obj\control.o
#        C:\Users\Jamorn\Desktop\ccd_program\Prj\IAR\DZ10_Debug\Obj\diskio.o
#        C:\Users\Jamorn\Desktop\ccd_program\Prj\IAR\DZ10_Debug\Obj\ff.o
#        C:\Users\Jamorn\Desktop\ccd_program\Prj\IAR\DZ10_Debug\Obj\IIC.o
#        C:\Users\Jamorn\Desktop\ccd_program\Prj\IAR\DZ10_Debug\Obj\lcd.o
#        C:\Users\Jamorn\Desktop\ccd_program\Prj\IAR\DZ10_Debug\Obj\main.o
#        C:\Users\Jamorn\Desktop\ccd_program\Prj\IAR\DZ10_Debug\Obj\misc.o
#        C:\Users\Jamorn\Desktop\ccd_program\Prj\IAR\DZ10_Debug\Obj\MK60_adc.o
#        C:\Users\Jamorn\Desktop\ccd_program\Prj\IAR\DZ10_Debug\Obj\MK60_can.o
#        C:\Users\Jamorn\Desktop\ccd_program\Prj\IAR\DZ10_Debug\Obj\MK60_conf.o
#        C:\Users\Jamorn\Desktop\ccd_program\Prj\IAR\DZ10_Debug\Obj\MK60_dac.o
#        C:\Users\Jamorn\Desktop\ccd_program\Prj\IAR\DZ10_Debug\Obj\MK60_dma.o
#        C:\Users\Jamorn\Desktop\ccd_program\Prj\IAR\DZ10_Debug\Obj\MK60_DWT.o
#        C:\Users\Jamorn\Desktop\ccd_program\Prj\IAR\DZ10_Debug\Obj\MK60_flash.o
#        C:\Users\Jamorn\Desktop\ccd_program\Prj\IAR\DZ10_Debug\Obj\MK60_flexbus.o
#        C:\Users\Jamorn\Desktop\ccd_program\Prj\IAR\DZ10_Debug\Obj\MK60_ftm.o
#        C:\Users\Jamorn\Desktop\ccd_program\Prj\IAR\DZ10_Debug\Obj\MK60_gpio.o
#        C:\Users\Jamorn\Desktop\ccd_program\Prj\IAR\DZ10_Debug\Obj\MK60_i2c.o
#        C:\Users\Jamorn\Desktop\ccd_program\Prj\IAR\DZ10_Debug\Obj\MK60_it.o
#        C:\Users\Jamorn\Desktop\ccd_program\Prj\IAR\DZ10_Debug\Obj\MK60_lptmr.o
#        C:\Users\Jamorn\Desktop\ccd_program\Prj\IAR\DZ10_Debug\Obj\MK60_mcg.o
#        C:\Users\Jamorn\Desktop\ccd_program\Prj\IAR\DZ10_Debug\Obj\MK60_PIT.o
#        C:\Users\Jamorn\Desktop\ccd_program\Prj\IAR\DZ10_Debug\Obj\MK60_port.o
#        C:\Users\Jamorn\Desktop\ccd_program\Prj\IAR\DZ10_Debug\Obj\MK60_rtc.o
#        C:\Users\Jamorn\Desktop\ccd_program\Prj\IAR\DZ10_Debug\Obj\MK60_sdhc.o
#        C:\Users\Jamorn\Desktop\ccd_program\Prj\IAR\DZ10_Debug\Obj\MK60_spi.o
#        C:\Users\Jamorn\Desktop\ccd_program\Prj\IAR\DZ10_Debug\Obj\MK60_SysTick.o
#        C:\Users\Jamorn\Desktop\ccd_program\Prj\IAR\DZ10_Debug\Obj\MK60_uart.o
#        C:\Users\Jamorn\Desktop\ccd_program\Prj\IAR\DZ10_Debug\Obj\MK60_usb.o
#        C:\Users\Jamorn\Desktop\ccd_program\Prj\IAR\DZ10_Debug\Obj\MK60_wdog.o
#        C:\Users\Jamorn\Desktop\ccd_program\Prj\IAR\DZ10_Debug\Obj\startup_MK60DZ10.o
#        C:\Users\Jamorn\Desktop\ccd_program\Prj\IAR\DZ10_Debug\Obj\system_MK60DZ10.o
#        C:\Users\Jamorn\Desktop\ccd_program\Prj\IAR\DZ10_Debug\Obj\USB.o
#        C:\Users\Jamorn\Desktop\ccd_program\Prj\IAR\DZ10_Debug\Obj\USB_CDC.o
#        C:\Users\Jamorn\Desktop\ccd_program\Prj\IAR\DZ10_Debug\Obj\VCAN_ASCII.o
#        C:\Users\Jamorn\Desktop\ccd_program\Prj\IAR\DZ10_Debug\Obj\VCAN_BMP.o
#        C:\Users\Jamorn\Desktop\ccd_program\Prj\IAR\DZ10_Debug\Obj\VCAN_camera.o
#        C:\Users\Jamorn\Desktop\ccd_program\Prj\IAR\DZ10_Debug\Obj\vcan_img2sd.o
#        C:\Users\Jamorn\Desktop\ccd_program\Prj\IAR\DZ10_Debug\Obj\VCAN_key.o
#        C:\Users\Jamorn\Desktop\ccd_program\Prj\IAR\DZ10_Debug\Obj\VCAN_key_event.o
#        C:\Users\Jamorn\Desktop\ccd_program\Prj\IAR\DZ10_Debug\Obj\VCAN_LCD.o
#        C:\Users\Jamorn\Desktop\ccd_program\Prj\IAR\DZ10_Debug\Obj\VCAN_LCD_CH.o
#        C:\Users\Jamorn\Desktop\ccd_program\Prj\IAR\DZ10_Debug\Obj\VCAN_LCD_ILI9341.o
#        C:\Users\Jamorn\Desktop\ccd_program\Prj\IAR\DZ10_Debug\Obj\VCAN_LCD_ST7735R.o
#        C:\Users\Jamorn\Desktop\ccd_program\Prj\IAR\DZ10_Debug\Obj\VCAN_LCD_ST7735S.o
#        C:\Users\Jamorn\Desktop\ccd_program\Prj\IAR\DZ10_Debug\Obj\VCAN_LED.o
#        C:\Users\Jamorn\Desktop\ccd_program\Prj\IAR\DZ10_Debug\Obj\VCAN_NRF24L0.o
#        C:\Users\Jamorn\Desktop\ccd_program\Prj\IAR\DZ10_Debug\Obj\VCAN_NRF24L0_MSG.o
#        C:\Users\Jamorn\Desktop\ccd_program\Prj\IAR\DZ10_Debug\Obj\VCAN_OV7725_Eagle.o
#        C:\Users\Jamorn\Desktop\ccd_program\Prj\IAR\DZ10_Debug\Obj\VCAN_OV7725_Wolf.o
#        C:\Users\Jamorn\Desktop\ccd_program\Prj\IAR\DZ10_Debug\Obj\VCAN_RTC_count.o
#        C:\Users\Jamorn\Desktop\ccd_program\Prj\IAR\DZ10_Debug\Obj\VCAN_SCCB.o
#        C:\Users\Jamorn\Desktop\ccd_program\Prj\IAR\DZ10_Debug\Obj\vcan_sd_app.o
#        C:\Users\Jamorn\Desktop\ccd_program\Prj\IAR\DZ10_Debug\Obj\Vcan_touch.o
#        C:\Users\Jamorn\Desktop\ccd_program\Prj\IAR\DZ10_Debug\Obj\VCAN_TSL1401.o
#        C:\Users\Jamorn\Desktop\ccd_program\Prj\IAR\DZ10_Debug\Obj\VCAN_UI_VAR.o
#        C:\Users\Jamorn\Desktop\ccd_program\Prj\IAR\DZ10_Debug\Obj\vectors.o
#        --redirect _Printf=_PrintfLargeNoMb --redirect _Scanf=_ScanfLargeNoMb
#        -o
#        C:\Users\Jamorn\Desktop\ccd_program\Prj\IAR\DZ10_Debug\Exe\vcan_Kinetis.out
#        --map
#        C:\Users\Jamorn\Desktop\ccd_program\Prj\IAR\DZ10_Debug\List\vcan_Kinetis.map
#        --config "C:\Users\Jamorn\Desktop\ccd_program\Prj\IAR\config
#        files\vcan_ROM_K60N512.icf"
#        C:\Users\Jamorn\Desktop\ccd_program\Prj\IAR\..\..\Lib\CMSIS\iar_cortexM4l_math.a
#        --entry __iar_program_start --vfe
#
###############################################################################

*******************************************************************************
*** RUNTIME MODEL ATTRIBUTES
***

CppFlavor       = *
__SystemLibrary = DLib


*******************************************************************************
*** PLACEMENT SUMMARY
***

"A1":  place at 0x00000000 { ro section .intvec };
"A2":  place at 0x00000410 { ro section .noinit };
"P1":  place in [from 0x00000000 to 0x00080000] { ro, block CodeRelocate };
"P2":  place in [from 0x1fff0410 to 0x20010000] {
          rw, block CodeRelocateRam, block CSTACK, block HEAP };

  Section              Kind        Address    Size  Object
  -------              ----        -------    ----  ------
"A1":                                        0x410
  .intvec              const    0x00000000   0x410  vectors.o [1]
                              - 0x00000410   0x410

"P1", part 1 of 2:                             0x0
  .rodata              const    0x00000410     0x0  zero_init3.o [5]

"A2":                                          0x8
  .noinit              ro code  0x00000410     0x8  startup_MK60DZ10.o [1]
                              - 0x00000418     0x8

"P1", part 2 of 2:                          0x5aa0
  .text                ro code  0x00000418  0x10ec  control.o [1]
  .text                ro code  0x00001504    0x30  I32ToDbl.o [4]
  .text                ro code  0x00001534   0x246  DblDiv.o [4]
  .text                ro code  0x0000177a    0x22  zero_init3.o [5]
  .text                ro code  0x0000179c    0x90  DblToFlt.o [4]
  .text                ro code  0x0000182c    0x2e  I32ToFlt.o [4]
  .text                ro code  0x0000185c    0xd8  FltMul.o [4]
  .text                ro code  0x00001934    0x44  FltToS32.o [4]
  .text                ro code  0x00001978    0xfc  FltDiv.o [4]
  .text                ro code  0x00001a74    0x4e  FltToDbl.o [4]
  .text                ro code  0x00001ac4    0x58  DblToI32.o [4]
  .text                ro code  0x00001b1c   0x406  lcd.o [1]
  .text                ro code  0x00001f22     0x8  abs.o [3]
  .text                ro code  0x00001f2c    0xe6  FltSub.o [4]
  .text                ro code  0x00002014   0x398  MK60_ftm.o [1]
  .text                ro code  0x000023ac    0x74  FltAdd.o [4]
  .text                ro code  0x00002420    0xb0  MK60_port.o [1]
  Veneer               ro code  0x000024d0     0x8  - Linker created -
  Veneer               ro code  0x000024d8     0x8  - Linker created -
  .text                ro code  0x000024e0   0x140  MK60_conf.o [1]
  .text                ro code  0x00002620    0x70  VCAN_LED.o [1]
  .text                ro code  0x00002690    0x24  printf.o [3]
  .text                ro code  0x000026b4    0x64  MK60_SysTick.o [1]
  .text                ro code  0x00002718   0x24c  MK60_uart.o [1]
  .text                ro code  0x00002964    0x9c  VCAN_key.o [1]
  .text                ro code  0x00002a00   0x19c  MK60_gpio.o [1]
  .text                ro code  0x00002b9c   0xbe2  xprintflarge_nomb.o [3]
  .text                ro code  0x00003780    0x16  strchr.o [5]
  .text                ro code  0x00003798    0x36  strlen.o [5]
  .text                ro code  0x000037d0    0x58  memchr.o [5]
  .text                ro code  0x00003828    0xee  I64DivMod.o [5]
  .text                ro code  0x00003918    0x76  ABImemcpy_unaligned.o [5]
  .text                ro code  0x0000398e    0x42  xdnorm.o [4]
  .text                ro code  0x000039d0    0x2e  DblCmpLe.o [4]
  .text                ro code  0x00003a00   0x1a2  DblMul.o [4]
  .text                ro code  0x00003ba4   0x180  DblSub.o [4]
  .text                ro code  0x00003d24    0x6c  localeconv.o [3]
  .text                ro code  0x00003d90     0xe  div.o [3]
  .text                ro code  0x00003da0     0x2  I64DivZer.o [5]
  .text                ro code  0x00003da4    0xd4  DblAdd.o [4]
  .text                ro code  0x00003e78     0x2  xtls.o [3]
  .data_init                    0x00003e7c   0x820  <Block>
    Initializer bytes  ro data  0x00003e7c   0x820  <for .data-1>
  Veneer               ro code  0x0000469c     0x8  - Linker created -
  .text                ro code  0x000046a4   0x3c8  MK60_mcg.o [1]
  .text                ro code  0x00004a6c   0x2b8  MK60_adc.o [1]
  .text                ro code  0x00004d24   0x268  MK60_dma.o [1]
  .text                ro code  0x00004f8c   0x246  VCAN_TSL1401.o [1]
  .text                ro code  0x000051d4    0x7c  MK60_PIT.o [1]
  .rodata              const    0x00005250   0x228  lcd.o [1]
  .text                ro code  0x00005478   0x1cc  main.o [1]
  .text                ro code  0x00005644    0x50  misc.o [1]
  .text                ro code  0x00005694   0x120  anjian.o [1]
  CodeRelocate                  0x000057b4   0x1c8  <Block>
    Initializer bytes  ro data  0x000057b4   0x1c8  <for CodeRelocateRam-1>
  .text                ro code  0x0000597c   0x130  system_MK60DZ10.o [1]
  .text                ro code  0x00005aac    0x40  MK60_wdog.o [1]
  .rodata              const    0x00005aec    0x40  VCAN_TSL1401.o [1]
  .rodata              const    0x00005b2c    0x3c  MK60_conf.o [1]
  .rodata              const    0x00005b68    0x3c  MK60_flash.o [1]
  .rodata              const    0x00005ba4    0x3c  MK60_gpio.o [1]
  .rodata              const    0x00005be0    0x3c  MK60_SysTick.o [1]
  .rodata              const    0x00005c1c    0x3c  MK60_uart.o [1]
  .rodata              const    0x00005c58    0x38  MK60_adc.o [1]
  .rodata              const    0x00005c90    0x38  MK60_ftm.o [1]
  .rodata              const    0x00005cc8    0x38  MK60_PIT.o [1]
  .rodata              const    0x00005d00    0x34  misc.o [1]
  .text                ro code  0x00005d34    0x28  data_init.o [5]
  .rodata              const    0x00005d5c    0x24  MK60_conf.o [1]
  .iar.init_table      const    0x00005d80    0x10  - Linker created -
  .rodata              const    0x00005d90    0x20  MK60_conf.o [1]
  .text                ro code  0x00005db0    0x1a  cmain.o [5]
  .text                ro code  0x00005dca     0x4  low_level_init.o [3]
  .text                ro code  0x00005dce     0x4  exit.o [3]
  .text                ro code  0x00005dd4     0xa  cexit.o [5]
  .text                ro code  0x00005de0     0xc  XXexit.o [5]
  .text                ro code  0x00005dec    0x16  xprout.o [3]
  .text                ro code  0x00005e04     0xc  putchar.o [3]
  .rodata              const    0x00005e10    0x14  MK60_conf.o [1]
  .text                ro code  0x00005e24     0xc  cstartup_M.o [5]
  Initializer bytes    ro data  0x00005e30    0x88  <for P2 s0>
                              - 0x00005eb8  0x5aa0

"P2", part 1 of 3:                           0x9e8
  .data                         0x1fff0410   0x820  <Block>
    .data-1                     0x1fff0410   0x820  <Init block>
      .data            inited   0x1fff0410     0x4  control.o [1]
      .data            inited   0x1fff0414     0x4  control.o [1]
      .data            inited   0x1fff0418     0x4  control.o [1]
      .data            inited   0x1fff041c     0x4  control.o [1]
      .data            inited   0x1fff0420     0x4  control.o [1]
      .data            inited   0x1fff0424     0x4  control.o [1]
      .data            inited   0x1fff0428     0x4  control.o [1]
      .data            inited   0x1fff042c     0x4  control.o [1]
      .data            inited   0x1fff0430     0x4  control.o [1]
      .data            inited   0x1fff0434     0x8  MK60_adc.o [1]
      .data            inited   0x1fff043c   0x708  MK60_conf.o [1]
      .data            inited   0x1fff0b44     0xc  MK60_ftm.o [1]
      .data            inited   0x1fff0b50    0x14  MK60_gpio.o [1]
      .data            inited   0x1fff0b64    0x44  MK60_mcg.o [1]
      .data            inited   0x1fff0ba8     0x4  MK60_mcg.o [1]
      .data            inited   0x1fff0bac    0x14  MK60_port.o [1]
      .data            inited   0x1fff0bc0    0x18  MK60_uart.o [1]
      .data            inited   0x1fff0bd8     0x8  VCAN_key.o [1]
      .data            inited   0x1fff0be0     0x4  VCAN_LED.o [1]
      .data            inited   0x1fff0be4     0x4  VCAN_TSL1401.o [1]
      .data            inited   0x1fff0be8     0x4  VCAN_TSL1401.o [1]
      .data            inited   0x1fff0bec     0x4  VCAN_TSL1401.o [1]
      .data            inited   0x1fff0bf0    0x40  xfiles.o [3]
  CodeRelocateRam               0x1fff0c30   0x1c8  <Block>
    CodeRelocateRam-1           0x1fff0c30   0x1c8  <Init block>
      Veneer           inited   0x1fff0c30     0x8  - Linker created -
      Veneer           inited   0x1fff0c38     0x8  - Linker created -
      .textrw          inited   0x1fff0c40   0x168  MK60_flash.o [1]
      .textrw          inited   0x1fff0da8    0x50  MK60_mcg.o [1]
                              - 0x1fff0df8   0x9e8

"P2", part 2 of 3:                           0x704
  .bss                          0x1fff0df8   0x701  <Block>
    .bss               zero     0x1fff0df8     0x4  anjian.o [1]
    .bss               zero     0x1fff0dfc     0x4  anjian.o [1]
    .bss               zero     0x1fff0e00     0xc  anjian.o [1]
    .bss               zero     0x1fff0e0c   0x480  control.o [1]
    .bss               zero     0x1fff128c     0x4  control.o [1]
    .bss               zero     0x1fff1290     0x4  control.o [1]
    .bss               zero     0x1fff1294     0x4  control.o [1]
    .bss               zero     0x1fff1298     0x4  control.o [1]
    .bss               zero     0x1fff129c     0x4  control.o [1]
    .bss               zero     0x1fff12a0     0x4  control.o [1]
    .bss               zero     0x1fff12a4     0x4  control.o [1]
    .bss               zero     0x1fff12a8     0x4  control.o [1]
    .bss               zero     0x1fff12ac     0x4  control.o [1]
    .bss               zero     0x1fff12b0     0x4  control.o [1]
    .bss               zero     0x1fff12b4     0x4  control.o [1]
    .bss               zero     0x1fff12b8     0x4  control.o [1]
    .bss               zero     0x1fff12bc     0x4  control.o [1]
    .bss               zero     0x1fff12c0     0x4  control.o [1]
    .bss               zero     0x1fff12c4     0x4  control.o [1]
    .bss               zero     0x1fff12c8     0x4  control.o [1]
    .bss               zero     0x1fff12cc     0x4  control.o [1]
    .bss               zero     0x1fff12d0     0x4  control.o [1]
    .bss               zero     0x1fff12d4     0x4  control.o [1]
    .bss               zero     0x1fff12d8     0x4  control.o [1]
    .bss               zero     0x1fff12dc     0x4  control.o [1]
    .bss               zero     0x1fff12e0     0x4  control.o [1]
    .bss               zero     0x1fff12e4     0x4  control.o [1]
    .bss               zero     0x1fff12e8     0x4  control.o [1]
    .bss               zero     0x1fff12ec     0x4  control.o [1]
    .bss               zero     0x1fff12f0     0x4  control.o [1]
    .bss               zero     0x1fff12f4     0x4  control.o [1]
    .bss               zero     0x1fff12f8     0x4  control.o [1]
    .bss               zero     0x1fff12fc     0x4  control.o [1]
    .bss               zero     0x1fff1300     0x4  control.o [1]
    .bss               zero     0x1fff1304     0x4  control.o [1]
    .bss               zero     0x1fff1308     0x4  control.o [1]
    .bss               zero     0x1fff130c     0x4  control.o [1]
    .bss               zero     0x1fff1310     0x4  control.o [1]
    .bss               zero     0x1fff1314     0x4  control.o [1]
    .bss               zero     0x1fff1318     0x4  control.o [1]
    .bss               zero     0x1fff131c     0x4  control.o [1]
    .bss               zero     0x1fff1320     0x4  control.o [1]
    .bss               zero     0x1fff1324    0x80  control.o [1]
    .bss               zero     0x1fff13a4    0x80  control.o [1]
    .bss               zero     0x1fff1424    0x14  control.o [1]
    .bss               zero     0x1fff1438     0x4  control.o [1]
    .bss               zero     0x1fff143c     0x4  main.o [1]
    .bss               zero     0x1fff1440     0x4  main.o [1]
    .bss               zero     0x1fff1444     0x4  main.o [1]
    .bss               zero     0x1fff1448     0x4  main.o [1]
    .bss               zero     0x1fff144c    0x40  MK60_dma.o [1]
    .bss               zero     0x1fff148c     0x4  system_MK60DZ10.o [1]
    .bss               zero     0x1fff1490     0x4  system_MK60DZ10.o [1]
    .bss               zero     0x1fff1494     0x4  system_MK60DZ10.o [1]
    .bss               zero     0x1fff1498     0x4  VCAN_TSL1401.o [1]
    .bss               zero     0x1fff149c     0x8  VCAN_TSL1401.o [1]
    .bss               zero     0x1fff14a4    0x50  xfiles.o [3]
    .bss               zero     0x1fff14f4     0x2  control.o [1]
    .bss               zero     0x1fff14f6     0x1  control.o [1]
    .bss               zero     0x1fff14f7     0x1  control.o [1]
    .bss               zero     0x1fff14f8     0x1  VCAN_TSL1401.o [1]
                              - 0x1fff14f9   0x701

"P2", part 3 of 3:                            0x88
  P2 s0                         0x1fff14fc    0x88  <Init block>
    __DLIB_PERTHREAD   inited   0x1fff14fc    0x88  localeconv.o [3]
                              - 0x1fff1584    0x88


*******************************************************************************
*** INIT TABLE
***

          Address     Size
          -------     ----
Zero (__iar_zero_init3)
    1 destination range, total size 0x701:
          0x1fff0df8  0x701



*******************************************************************************
*** MODULE SUMMARY
***

    Module                 ro code  rw code  ro data  rw data
    ------                 -------  -------  -------  -------
C:\Users\Jamorn\Desktop\ccd_program\Prj\IAR\DZ10_Debug\Obj: [1]
    MK60_PIT.o                 124                56
    MK60_SysTick.o             100                60
    MK60_adc.o                 696                64        8
    MK60_conf.o                320             1 948    1 800
    MK60_dma.o                 616                         64
    MK60_flash.o                        360      420
    MK60_ftm.o                 920                68       12
    MK60_gpio.o                412                80       20
    MK60_mcg.o                 968       80      152       72
    MK60_port.o                176                20       20
    MK60_uart.o                588                84       24
    MK60_wdog.o                 64
    VCAN_LED.o                 112                 4        4
    VCAN_TSL1401.o             582                76       25
    VCAN_key.o                 156                 8        8
    anjian.o                   288                         20
    control.o                4 332                36    1 624
    lcd.o                    1 030               552
    main.o                     460                         16
    misc.o                      80                52
    startup_MK60DZ10.o           8
    system_MK60DZ10.o          304                         12
    vectors.o                                  1 040
    ---------------------------------------------------------
    Total:                  12 336      440    4 720    3 729

command line: [2]
    ---------------------------------------------------------
    Total:

dl7M_tlf.a: [3]
    abs.o                        8
    div.o                       14
    exit.o                       4
    localeconv.o               108               136      136
    low_level_init.o             4
    printf.o                    36
    putchar.o                   12
    xfiles.o                                      64      144
    xprintflarge_nomb.o      3 042
    xprout.o                    22
    xtls.o                       2
    ---------------------------------------------------------
    Total:                   3 252               200      280

m7M_tl.a: [4]
    DblAdd.o                   212
    DblCmpLe.o                  46
    DblDiv.o                   582
    DblMul.o                   418
    DblSub.o                   384
    DblToFlt.o                 144
    DblToI32.o                  88
    FltAdd.o                   116
    FltDiv.o                   252
    FltMul.o                   216
    FltSub.o                   230
    FltToDbl.o                  78
    FltToS32.o                  68
    I32ToDbl.o                  48
    I32ToFlt.o                  46
    xdnorm.o                    66
    ---------------------------------------------------------
    Total:                   2 994

rt7M_tl.a: [5]
    ABImemcpy_unaligned.o      118
    I64DivMod.o                238
    I64DivZer.o                  2
    XXexit.o                    12
    cexit.o                     10
    cmain.o                     26
    cstartup_M.o                12
    data_init.o                 40
    memchr.o                    88
    strchr.o                    22
    strlen.o                    54
    zero_init3.o                34
    ---------------------------------------------------------
    Total:                     656

    Gaps                        32
    Linker created              24       16       32
-------------------------------------------------------------
    Grand Total:            19 294      456    4 952    4 009


*******************************************************************************
*** ENTRY LIST
***

Entry                      Address   Size  Type      Object
-----                      -------   ----  ----      ------
.bss$$Base              0x1fff0df8          --   Gb  - Linker created -
.bss$$Limit             0x1fff14f9          --   Gb  - Linker created -
.data$$Base             0x1fff0410          --   Gb  - Linker created -
.data$$Limit            0x1fff0c30          --   Gb  - Linker created -
.data_init$$Base        0x00003e7c          --   Gb  - Linker created -
.data_init$$Limit       0x0000469c          --   Gb  - Linker created -
?main                   0x00005db1         Code  Gb  cmain.o [5]
ADCN                    0x1fff0434    0x8  Data  Gb  MK60_adc.o [1]
ASSERT_FAILED_STR       0x00005d5c   0x24  Data  Gb  MK60_conf.o [1]
CCD1_Offset             0x1fff0414    0x4  Data  Gb  control.o [1]
CCD_BUFF                0x1fff0e0c  0x480  Data  Gb  control.o [1]
CodeRelocate$$Base      0x000057b4          --   Gb  - Linker created -
CodeRelocate$$Limit     0x0000597c          --   Gb  - Linker created -
CodeRelocateRam$$Base   0x1fff0c30          --   Gb  - Linker created -
CodeRelocateRam$$Limit  0x1fff0df8          --   Gb  - Linker created -
D                       0x1fff12d8    0x4  Data  Gb  control.o [1]
DMA_count_Init          0x00004d3b  0x1ec  Code  Gb  MK60_dma.o [1]
DMA_count_get           0x00004f27   0x1c  Code  Gb  MK60_dma.o [1]
DMA_count_reset         0x00004f43   0x18  Code  Gb  MK60_dma.o [1]
DPWM                    0x1fff14f4    0x2  Data  Gb  control.o [1]
DZerror                 0x1fff1424   0x14  Data  Gb  control.o [1]
F6x8                    0x00005250  0x228  Data  Gb  lcd.o [1]
FTMN                    0x1fff0b44    0xc  Data  Gb  MK60_ftm.o [1]
FTM_port_mux            0x00002015  0x118  Code  Lc  MK60_ftm.o [1]
FWerror                 0x1fff130c    0x4  Data  Gb  control.o [1]
FWerrorpre              0x1fff1310    0x4  Data  Gb  control.o [1]
GPIOX                   0x1fff0b50   0x14  Data  Gb  MK60_gpio.o [1]
KEY_PTxn                0x1fff0bd8    0x8  Data  Gb  VCAN_key.o [1]
L1_Lflag                0x1fff12a8    0x4  Data  Gb  control.o [1]
L1_flag                 0x1fff12a0    0x4  Data  Gb  control.o [1]
L1count                 0x1fff12dc    0x4  Data  Gb  control.o [1]
L2_Lflag                0x1fff12b4    0x4  Data  Gb  control.o [1]
L2_flag                 0x1fff12b0    0x4  Data  Gb  control.o [1]
LCD_DLY_ms              0x00001c7f   0x1c  Code  Gb  lcd.o [1]
LCD_Fill                0x00001c3f   0x40  Code  Gb  lcd.o [1]
LCD_Init                0x00001c9b  0x122  Code  Gb  lcd.o [1]
LCD_Set_Pos             0x00001c17   0x28  Code  Gb  lcd.o [1]
LCD_Show_Number         0x00001e15  0x10e  Code  Gb  lcd.o [1]
LCD_WrCmd               0x00001b9d   0x7a  Code  Gb  lcd.o [1]
LCD_WrDat               0x00001b1d   0x7e  Code  Gb  lcd.o [1]
LCD_write_char          0x00001dbd   0x38  Code  Gb  lcd.o [1]
LED_PTxn                0x1fff0be0    0x4  Data  Gb  VCAN_LED.o [1]
Max_Value               0x1fff12c4    0x4  Data  Gb  control.o [1]
NVIC_EnableIRQ          0x00005479   0x14  Code  Lc  main.o [1]
NVIC_EnableIRQ          0x00004d25   0x16  Code  Lc  MK60_dma.o [1]
NVIC_SystemReset        0x000024e1   0x1a  Code  Lc  MK60_conf.o [1]
P                       0x1fff12d4    0x4  Data  Gb  control.o [1]
PIT0_IRQHandler         0x00005581   0x84  Code  Gb  main.o [1]
PORTX                   0x1fff0bac   0x14  Data  Gb  MK60_port.o [1]
R1_Rflag                0x1fff12ac    0x4  Data  Gb  control.o [1]
R1_flag                 0x1fff12a4    0x4  Data  Gb  control.o [1]
R1count                 0x1fff12e0    0x4  Data  Gb  control.o [1]
R2_Rflag                0x1fff12bc    0x4  Data  Gb  control.o [1]
R2_flag                 0x1fff12b8    0x4  Data  Gb  control.o [1]
Region$$Table$$Base     0x00005d80          --   Gb  - Linker created -
Region$$Table$$Limit    0x00005d90          --   Gb  - Linker created -
Reset_Handler           0x00000411         Code  Gb  startup_MK60DZ10.o [1]
Ryuzhi                  0x1fff1438    0x4  Data  Gb  control.o [1]
Stopflag                0x1fff12cc    0x4  Data  Gb  control.o [1]
TC_flag                 0x1fff12c8    0x4  Data  Gb  control.o [1]
UARTN                   0x1fff0bc0   0x18  Data  Gb  MK60_uart.o [1]
ZA_flag                 0x1fff12f0    0x4  Data  Gb  control.o [1]
ZAline                  0x1fff12f4    0x4  Data  Gb  control.o [1]
_GenldLargeNoMb         0x00003501  0x234  Code  Lc  xprintflarge_nomb.o [3]
_LdtobLargeNoMb         0x00003281  0x27a  Code  Lc  xprintflarge_nomb.o [3]
_LitobLargeNoMb         0x00003179  0x106  Code  Lc  xprintflarge_nomb.o [3]
_Locale_aeabi_lconv     0x1fff154c   0x38  Data  Gb  localeconv.o [3]
_Locale_lconv           0x1fff14fc   0x50  Data  Gb  localeconv.o [3]
_PrintfLargeNoMb        0x00002b9d  0x5d6  Code  Gb  xprintflarge_nomb.o [3]
_Prout                  0x00005ded   0x16  Code  Gb  xprout.o [3]
_PutcharsLargeNoMb      0x00003735   0x2e  Code  Lc  xprintflarge_nomb.o [3]
__BOOT_STACK_ADDRESS {Abs}
                        0x2000fff8          --   Gb  command line/config [2]
__VECTOR_RAM {Abs}      0x1fff0000          --   Gb  command line/config [2]
__VECTOR_TABLE {Abs}    0x00000000          --   Gb  command line/config [2]
__aeabi_cdcmple         0x000039d1         Code  Gb  DblCmpLe.o [4]
__aeabi_d2f             0x0000179d         Code  Gb  DblToFlt.o [4]
__aeabi_d2iz            0x00001ac5         Code  Gb  DblToI32.o [4]
__aeabi_d2uiz           0x00001af1         Code  Gb  DblToI32.o [4]
__aeabi_ddiv            0x00001535         Code  Gb  DblDiv.o [4]
__aeabi_dmul            0x00003a01         Code  Gb  DblMul.o [4]
__aeabi_dsub            0x00003ba5         Code  Gb  DblSub.o [4]
__aeabi_f2d             0x00001a75         Code  Gb  FltToDbl.o [4]
__aeabi_f2iz            0x00001935         Code  Gb  FltToS32.o [4]
__aeabi_fdiv            0x00001979         Code  Gb  FltDiv.o [4]
__aeabi_fmul            0x0000185d         Code  Gb  FltMul.o [4]
__aeabi_fsub            0x00001f2d         Code  Gb  FltSub.o [4]
__aeabi_i2d             0x00001505         Code  Gb  I32ToDbl.o [4]
__aeabi_i2f             0x0000182d         Code  Gb  I32ToFlt.o [4]
__aeabi_ldiv0           0x00003da1         Code  Gb  I64DivZer.o [5]
__aeabi_ui2d            0x00001519         Code  Gb  I32ToDbl.o [4]
__aeabi_uldivmod        0x00003829         Code  Gb  I64DivMod.o [5]
__cmain                 0x00005db1         Code  Gb  cmain.o [5]
__code_start__ {Abs}    0x00000410          --   Gb  command line/config [2]
__exit                  0x00005de1         Code  Gb  XXexit.o [5]
__iar_Dnorm             0x0000398f   0x42  Code  Gb  xdnorm.o [4]
__iar_Locale_lconv_init
                        0x00003d25   0x3a  Code  Gb  localeconv.o [3]
__iar_Memchr            0x000037d1         Code  Gb  memchr.o [5]
__iar_Stdout            0x1fff0bf0   0x40  Data  Gb  xfiles.o [3]
__iar_Strchr            0x00003781         Code  Gb  strchr.o [5]
__iar_d2uiz             0x00001afd         Code  Gb  DblToI32.o [4]
__iar_dadd              0x00003da5         Code  Gb  DblAdd.o [4]
__iar_data_init3        0x00005d35   0x28  Code  Gb  data_init.o [5]
__iar_dlib_perthread_access
                        0x00003e79    0x2  Code  Gb  xtls.o [3]
__iar_dsub              0x00003bb9         Code  Gb  DblSub.o [4]
__iar_dsubStart         0x00003bcb         Code  Gb  DblSub.o [4]
__iar_fadd              0x000023ad         Code  Gb  FltAdd.o [4]
__iar_fsub              0x00001f3d         Code  Gb  FltSub.o [4]
__iar_fsubStart         0x00001f4d         Code  Gb  FltSub.o [4]
__iar_program_start     0x00005e25         Code  Gb  cstartup_M.o [5]
__iar_ui2d              0x0000151d         Code  Gb  I32ToDbl.o [4]
__iar_ui2f              0x00001841         Code  Gb  I32ToFlt.o [4]
__iar_unaligned___aeabi_memcpy
                        0x00003919         Code  Gb  ABImemcpy_unaligned.o [5]
__iar_unaligned___aeabi_memcpy4
                        0x00003939         Code  Gb  ABImemcpy_unaligned.o [5]
__iar_unaligned___aeabi_memcpy8
                        0x00003939         Code  Gb  ABImemcpy_unaligned.o [5]
__iar_zero_init3        0x0000177b   0x22  Code  Gb  zero_init3.o [5]
__low_level_init        0x00005dcb    0x4  Code  Gb  low_level_init.o [3]
__vector_table          0x00000000  0x410  Data  Gb  vectors.o [1]
_call_main              0x00005dbd         Code  Gb  cmain.o [5]
_exit                   0x00005dd5         Code  Gb  cexit.o [5]
_main                   0x00005dc7         Code  Gb  cmain.o [5]
abs                     0x00001f23    0x8  Code  Gb  abs.o [3]
adc_init                0x00004a6d  0x20e  Code  Gb  MK60_adc.o [1]
adc_once                0x00004c7b   0x50  Code  Gb  MK60_adc.o [1]
adc_start               0x00004ccb   0x44  Code  Lc  MK60_adc.o [1]
assert_failed           0x000024fb   0x26  Code  Gb  MK60_conf.o [1]
b                       0x1fff12e4    0x4  Data  Gb  control.o [1]
bpre                    0x1fff12e8    0x4  Data  Gb  control.o [1]
breakpoint1             0x1fff12f8    0x4  Data  Gb  control.o [1]
breakpoint3             0x1fff12fc    0x4  Data  Gb  control.o [1]
bus_clk_khz             0x1fff1494    0x4  Data  Gb  system_MK60DZ10.o [1]
c                       0x1fff1290    0x4  Data  Gb  control.o [1]
ccd2_data               0x1fff1324   0x80  Data  Gb  control.o [1]
ccd2_datagy             0x1fff13a4   0x80  Data  Gb  control.o [1]
ccd2_deall              0x00000419  0xe5c  Code  Gb  control.o [1]
change1                 0x1fff1294    0x4  Data  Gb  control.o [1]
common_startup          0x000059db   0x98  Code  Gb  system_MK60DZ10.o [1]
core_clk_khz            0x1fff148c    0x4  Data  Gb  system_MK60DZ10.o [1]
core_clk_mhz            0x1fff1490    0x4  Data  Gb  system_MK60DZ10.o [1]
count_init              0x1fff144c   0x40  Data  Gb  MK60_dma.o [1]
default_isr             0x000025cf   0x30  Code  Gb  MK60_conf.o [1]
div                     0x00003d91    0xe  Code  Gb  div.o [3]
error                   0x1fff1304    0x4  Data  Gb  control.o [1]
error1                  0x1fff1300    0x4  Data  Gb  control.o [1]
error_speed             0x1fff0e00    0xc  Data  Gb  anjian.o [1]
errorpre                0x1fff1308    0x4  Data  Gb  control.o [1]
exit                    0x00005dcf    0x4  Code  Gb  exit.o [3]
f                       0x1fff12c0    0x4  Data  Gb  control.o [1]
flash_cmd               0x1fff0c41   0x20  Code  Gb  MK60_flash.o [1]
flash_erase_sector      0x1fff0c91   0x58  Code  Gb  MK60_flash.o [1]
flash_init              0x1fff0c61   0x30  Code  Gb  MK60_flash.o [1]
flash_write             0x1fff0ce9   0x8e  Code  Gb  MK60_flash.o [1]
fputc                   0x00002521   0x14  Code  Gb  MK60_conf.o [1]
ftm_pwm_duty            0x000022a9   0xf0  Code  Gb  MK60_ftm.o [1]
ftm_pwm_init            0x0000212d  0x17c  Code  Gb  MK60_ftm.o [1]
gpio_get                0x00002b59   0x3a  Code  Gb  MK60_gpio.o [1]
gpio_init               0x00002a01   0xae  Code  Gb  MK60_gpio.o [1]
gpio_set                0x00002aaf   0x72  Code  Gb  MK60_gpio.o [1]
gpio_turn               0x00002b21   0x38  Code  Gb  MK60_gpio.o [1]
init_speed              0x1fff0df8    0x4  Data  Gb  anjian.o [1]
key_check               0x000029d1   0x2a  Code  Gb  VCAN_key.o [1]
key_get                 0x000029b7   0x1a  Code  Gb  VCAN_key.o [1]
key_init                0x00002965   0x52  Code  Gb  VCAN_key.o [1]
led_init                0x00002621   0x3a  Code  Gb  VCAN_LED.o [1]
led_turn                0x0000265b   0x32  Code  Gb  VCAN_LED.o [1]
localeconv              0x00003d5f   0x16  Code  Gb  localeconv.o [3]
lv                      0x1fff1298    0x4  Data  Gb  control.o [1]
m                       0x1fff1314    0x4  Data  Gb  control.o [1]
main                    0x0000549f   0xe0  Code  Gb  main.o [1]
mcg_cfg                 0x1fff0b64   0x44  Data  Gb  MK60_mcg.o [1]
mcg_div                 0x1fff0ba8    0x4  Data  Gb  MK60_mcg.o [1]
mcg_div_count           0x000046a5  0x2fa  Code  Gb  MK60_mcg.o [1]
memchr                  0x000037d1         Code  Gb  memchr.o [5]
miserror1               0x1fff1318    0x4  Data  Gb  control.o [1]
miserror2               0x1fff131c    0x4  Data  Gb  control.o [1]
miszhongxian1           0x1fff042c    0x4  Data  Gb  control.o [1]
miszhongxian2           0x1fff0430    0x4  Data  Gb  control.o [1]
nihe                    0x0000548d   0x12  Code  Gb  main.o [1]
obuf                    0x1fff14a4   0x50  Data  Lc  xfiles.o [3]
pit_init                0x000051d5   0x6c  Code  Gb  MK60_PIT.o [1]
pll_init                0x0000499f   0xb2  Code  Gb  MK60_mcg.o [1]
port_init               0x00002421   0x44  Code  Gb  MK60_port.o [1]
port_init_NoALT         0x00002465   0x62  Code  Gb  MK60_port.o [1]
printf                  0x00002691   0x24  Code  Gb  printf.o [3]
putchar                 0x00005e05    0xc  Code  Gb  putchar.o [3]
qipao                   0x1fff12ec    0x4  Data  Gb  control.o [1]
qipaocount              0x1fff1448    0x4  Data  Gb  main.o [1]
ratio                   0x1fff12d0    0x4  Data  Gb  control.o [1]
rv                      0x1fff129c    0x4  Data  Gb  control.o [1]
s                       0x1fff0410    0x4  Data  Gb  control.o [1]
sd                      0x1fff0428    0x4  Data  Gb  control.o [1]
set_sys_dividers        0x1fff0da9   0x50  Code  Gb  MK60_mcg.o [1]
set_vector_handler      0x00005667   0x22  Code  Gb  misc.o [1]
shuchu                  0x0000129d  0x1be  Code  Gb  control.o [1]
speed                   0x1fff0dfc    0x4  Data  Gb  anjian.o [1]
speed_set               0x00005695  0x110  Code  Gb  anjian.o [1]
start                   0x0000597d   0x22  Code  Gb  system_MK60DZ10.o [1]
start_check             0x00002535   0x9a  Code  Gb  MK60_conf.o [1]
strchr                  0x00003781         Code  Gb  strchr.o [5]
strlen                  0x00003799         Code  Gb  strlen.o [5]
sum                     0x1fff128c    0x4  Data  Gb  control.o [1]
sysinit                 0x0000599f   0x3c  Code  Gb  system_MK60DZ10.o [1]
systick_delay           0x000026b5   0x36  Code  Gb  MK60_SysTick.o [1]
systick_delay_ms        0x000026eb   0x18  Code  Gb  MK60_SysTick.o [1]
temp                    0x1fff14f6    0x1  Data  Gb  control.o [1]
temp4                   0x1fff14f7    0x1  Data  Gb  control.o [1]
tempp                   0x1fff1320    0x4  Data  Gb  control.o [1]
tsl1401_addr            0x1fff149c    0x8  Data  Gb  VCAN_TSL1401.o [1]
tsl1401_ch              0x1fff0be4    0x4  Data  Gb  VCAN_TSL1401.o [1]
tsl1401_clk             0x1fff0bec    0x4  Data  Gb  VCAN_TSL1401.o [1]
tsl1401_clk_out         0x00004fbd   0x30  Code  Gb  VCAN_TSL1401.o [1]
tsl1401_delay           0x000050c5   0x12  Code  Lc  VCAN_TSL1401.o [1]
tsl1401_flag            0x1fff14f8    0x1  Data  Lc  VCAN_TSL1401.o [1]
tsl1401_gather          0x000050d7   0x80  Code  Lc  VCAN_TSL1401.o [1]
tsl1401_get_img         0x00005095   0x12  Code  Gb  VCAN_TSL1401.o [1]
tsl1401_init            0x00004fed   0x52  Code  Gb  VCAN_TSL1401.o [1]
tsl1401_restet          0x00005179   0x5a  Code  Lc  VCAN_TSL1401.o [1]
tsl1401_set_addrs       0x0000503f   0x56  Code  Gb  VCAN_TSL1401.o [1]
tsl1401_si              0x1fff0be8    0x4  Data  Gb  VCAN_TSL1401.o [1]
tsl1401_si_out          0x00004f8d   0x30  Code  Gb  VCAN_TSL1401.o [1]
tsl1401_time            0x1fff1498    0x4  Data  Lc  VCAN_TSL1401.o [1]
tsl1401_time_isr        0x000050a7   0x1e  Code  Gb  VCAN_TSL1401.o [1]
uart_init               0x00002719  0x218  Code  Gb  MK60_uart.o [1]
uart_putchar            0x00002931   0x1a  Code  Gb  MK60_uart.o [1]
vector_str              0x1fff043c  0x708  Data  Gb  MK60_conf.o [1]
vl                      0x1fff143c    0x4  Data  Gb  main.o [1]
vr                      0x1fff1440    0x4  Data  Gb  main.o [1]
wdog_disable            0x00005aad   0x16  Code  Gb  MK60_wdog.o [1]
wdog_unlock             0x00005ac3   0x20  Code  Lc  MK60_wdog.o [1]
wide                    0x1fff0420    0x4  Data  Gb  control.o [1]
write_vtor              0x00005645   0x22  Code  Gb  misc.o [1]
zhangaicount            0x1fff1444    0x4  Data  Gb  main.o [1]
zhongxian               0x1fff0424    0x4  Data  Gb  control.o [1]
zhongxian1              0x1fff0418    0x4  Data  Gb  control.o [1]
zhongxianpre1           0x1fff041c    0x4  Data  Gb  control.o [1]


[1] = C:\Users\Jamorn\Desktop\ccd_program\Prj\IAR\DZ10_Debug\Obj
[2] = command line
[3] = dl7M_tlf.a
[4] = m7M_tl.a
[5] = rt7M_tl.a

  19 294 bytes of readonly  code memory
     456 bytes of readwrite code memory
   4 952 bytes of readonly  data memory
   4 009 bytes of readwrite data memory

Errors: none
Warnings: none
