###############################################################################
#
# IAR ELF Linker V7.10.1.6676/W32 for ARM                 02/Nov/2016  14:31:53
# Copyright 2007-2014 IAR Systems AB.
#
#    Output file  =  
#        C:\Users\Jamorn\Desktop\ccd_program\Prj\IAR\DZ10_Debug\Exe\vcan_Kinetis.out
#    Map file     =  
#        C:\Users\Jamorn\Desktop\ccd_program\Prj\IAR\DZ10_Debug\List\vcan_Kinetis.map
#    Command line =  
#        C:\Users\Jamorn\Desktop\ccd_program\Prj\IAR\DZ10_Debug\Obj\anjian.o
#        C:\Users\Jamorn\Desktop\ccd_program\Prj\IAR\DZ10_Debug\Obj\control.o
#        C:\Users\Jamorn\Desktop\ccd_program\Prj\IAR\DZ10_Debug\Obj\diskio.o
#        C:\Users\Jamorn\Desktop\ccd_program\Prj\IAR\DZ10_Debug\Obj\ff.o
#        C:\Users\Jamorn\Desktop\ccd_program\Prj\IAR\DZ10_Debug\Obj\IIC.o
#        C:\Users\Jamorn\Desktop\ccd_program\Prj\IAR\DZ10_Debug\Obj\lcd.o
#        C:\Users\Jamorn\Desktop\ccd_program\Prj\IAR\DZ10_Debug\Obj\main.o
#        C:\Users\Jamorn\Desktop\ccd_program\Prj\IAR\DZ10_Debug\Obj\misc.o
#        C:\Users\Jamorn\Desktop\ccd_program\Prj\IAR\DZ10_Debug\Obj\MK60_adc.o
#        C:\Users\Jamorn\Desktop\ccd_program\Prj\IAR\DZ10_Debug\Obj\MK60_can.o
#        C:\Users\Jamorn\Desktop\ccd_program\Prj\IAR\DZ10_Debug\Obj\MK60_conf.o
#        C:\Users\Jamorn\Desktop\ccd_program\Prj\IAR\DZ10_Debug\Obj\MK60_dac.o
#        C:\Users\Jamorn\Desktop\ccd_program\Prj\IAR\DZ10_Debug\Obj\MK60_dma.o
#        C:\Users\Jamorn\Desktop\ccd_program\Prj\IAR\DZ10_Debug\Obj\MK60_DWT.o
#        C:\Users\Jamorn\Desktop\ccd_program\Prj\IAR\DZ10_Debug\Obj\MK60_flash.o
#        C:\Users\Jamorn\Desktop\ccd_program\Prj\IAR\DZ10_Debug\Obj\MK60_flexbus.o
#        C:\Users\Jamorn\Desktop\ccd_program\Prj\IAR\DZ10_Debug\Obj\MK60_ftm.o
#        C:\Users\Jamorn\Desktop\ccd_program\Prj\IAR\DZ10_Debug\Obj\MK60_gpio.o
#        C:\Users\Jamorn\Desktop\ccd_program\Prj\IAR\DZ10_Debug\Obj\MK60_i2c.o
#        C:\Users\Jamorn\Desktop\ccd_program\Prj\IAR\DZ10_Debug\Obj\MK60_it.o
#        C:\Users\Jamorn\Desktop\ccd_program\Prj\IAR\DZ10_Debug\Obj\MK60_lptmr.o
#        C:\Users\Jamorn\Desktop\ccd_program\Prj\IAR\DZ10_Debug\Obj\MK60_mcg.o
#        C:\Users\Jamorn\Desktop\ccd_program\Prj\IAR\DZ10_Debug\Obj\MK60_PIT.o
#        C:\Users\Jamorn\Desktop\ccd_program\Prj\IAR\DZ10_Debug\Obj\MK60_port.o
#        C:\Users\Jamorn\Desktop\ccd_program\Prj\IAR\DZ10_Debug\Obj\MK60_rtc.o
#        C:\Users\Jamorn\Desktop\ccd_program\Prj\IAR\DZ10_Debug\Obj\MK60_sdhc.o
#        C:\Users\Jamorn\Desktop\ccd_program\Prj\IAR\DZ10_Debug\Obj\MK60_spi.o
#        C:\Users\Jamorn\Desktop\ccd_program\Prj\IAR\DZ10_Debug\Obj\MK60_SysTick.o
#        C:\Users\Jamorn\Desktop\ccd_program\Prj\IAR\DZ10_Debug\Obj\MK60_uart.o
#        C:\Users\Jamorn\Desktop\ccd_program\Prj\IAR\DZ10_Debug\Obj\MK60_usb.o
#        C:\Users\Jamorn\Desktop\ccd_program\Prj\IAR\DZ10_Debug\Obj\MK60_wdog.o
#        C:\Users\Jamorn\Desktop\ccd_program\Prj\IAR\DZ10_Debug\Obj\startup_MK60DZ10.o
#        C:\Users\Jamorn\Desktop\ccd_program\Prj\IAR\DZ10_Debug\Obj\system_MK60DZ10.o
#        C:\Users\Jamorn\Desktop\ccd_program\Prj\IAR\DZ10_Debug\Obj\USB.o
#        C:\Users\Jamorn\Desktop\ccd_program\Prj\IAR\DZ10_Debug\Obj\USB_CDC.o
#        C:\Users\Jamorn\Desktop\ccd_program\Prj\IAR\DZ10_Debug\Obj\VCAN_ASCII.o
#        C:\Users\Jamorn\Desktop\ccd_program\Prj\IAR\DZ10_Debug\Obj\VCAN_BMP.o
#        C:\Users\Jamorn\Desktop\ccd_program\Prj\IAR\DZ10_Debug\Obj\VCAN_camera.o
#        C:\Users\Jamorn\Desktop\ccd_program\Prj\IAR\DZ10_Debug\Obj\vcan_img2sd.o
#        C:\Users\Jamorn\Desktop\ccd_program\Prj\IAR\DZ10_Debug\Obj\VCAN_key.o
#        C:\Users\Jamorn\Desktop\ccd_program\Prj\IAR\DZ10_Debug\Obj\VCAN_key_event.o
#        C:\Users\Jamorn\Desktop\ccd_program\Prj\IAR\DZ10_Debug\Obj\VCAN_LCD.o
#        C:\Users\Jamorn\Desktop\ccd_program\Prj\IAR\DZ10_Debug\Obj\VCAN_LCD_CH.o
#        C:\Users\Jamorn\Desktop\ccd_program\Prj\IAR\DZ10_Debug\Obj\VCAN_LCD_ILI9341.o
#        C:\Users\Jamorn\Desktop\ccd_program\Prj\IAR\DZ10_Debug\Obj\VCAN_LCD_ST7735R.o
#        C:\Users\Jamorn\Desktop\ccd_program\Prj\IAR\DZ10_Debug\Obj\VCAN_LCD_ST7735S.o
#        C:\Users\Jamorn\Desktop\ccd_program\Prj\IAR\DZ10_Debug\Obj\VCAN_LED.o
#        C:\Users\Jamorn\Desktop\ccd_program\Prj\IAR\DZ10_Debug\Obj\VCAN_NRF24L0.o
#        C:\Users\Jamorn\Desktop\ccd_program\Prj\IAR\DZ10_Debug\Obj\VCAN_NRF24L0_MSG.o
#        C:\Users\Jamorn\Desktop\ccd_program\Prj\IAR\DZ10_Debug\Obj\VCAN_OV7725_Eagle.o
#        C:\Users\Jamorn\Desktop\ccd_program\Prj\IAR\DZ10_Debug\Obj\VCAN_OV7725_Wolf.o
#        C:\Users\Jamorn\Desktop\ccd_program\Prj\IAR\DZ10_Debug\Obj\VCAN_RTC_count.o
#        C:\Users\Jamorn\Desktop\ccd_program\Prj\IAR\DZ10_Debug\Obj\VCAN_SCCB.o
#        C:\Users\Jamorn\Desktop\ccd_program\Prj\IAR\DZ10_Debug\Obj\vcan_sd_app.o
#        C:\Users\Jamorn\Desktop\ccd_program\Prj\IAR\DZ10_Debug\Obj\Vcan_touch.o
#        C:\Users\Jamorn\Desktop\ccd_program\Prj\IAR\DZ10_Debug\Obj\VCAN_TSL1401.o
#        C:\Users\Jamorn\Desktop\ccd_program\Prj\IAR\DZ10_Debug\Obj\VCAN_UI_VAR.o
#        C:\Users\Jamorn\Desktop\ccd_program\Prj\IAR\DZ10_Debug\Obj\vectors.o
#        --redirect _Printf=_PrintfLargeNoMb --redirect _Scanf=_ScanfLargeNoMb
#        -o
#        C:\Users\Jamorn\Desktop\ccd_program\Prj\IAR\DZ10_Debug\Exe\vcan_Kinetis.out
#        --map
#        C:\Users\Jamorn\Desktop\ccd_program\Prj\IAR\DZ10_Debug\List\vcan_Kinetis.map
#        --config "C:\Users\Jamorn\Desktop\ccd_program\Prj\IAR\config
#        files\vcan_ROM_K60N512.icf"
#        C:\Users\Jamorn\Desktop\ccd_program\Prj\IAR\..\..\Lib\CMSIS\iar_cortexM4l_math.a
#        --entry __iar_program_start --vfe
#
###############################################################################

*******************************************************************************
*** RUNTIME MODEL ATTRIBUTES
***

CppFlavor       = *
__SystemLibrary = DLib


*******************************************************************************
*** PLACEMENT SUMMARY
***

"A1":  place at 0x00000000 { ro section .intvec };
"A2":  place at 0x00000410 { ro section .noinit };
"P1":  place in [from 0x00000000 to 0x00080000] { ro, block CodeRelocate };
"P2":  place in [from 0x1fff0410 to 0x20010000] {
          rw, block CodeRelocateRam, block CSTACK, block HEAP };

  Section              Kind        Address    Size  Object
  -------              ----        -------    ----  ------
"A1":                                        0x410
  .intvec              const    0x00000000   0x410  vectors.o [1]
                              - 0x00000410   0x410

"P1", part 1 of 2:                             0x0
  .rodata              const    0x00000410     0x0  zero_init3.o [5]

"A2":                                          0x8
  .noinit              ro code  0x00000410     0x8  startup_MK60DZ10.o [1]
                              - 0x00000418     0x8

"P1", part 2 of 2:                          0x5be8
  .text                ro code  0x00000418  0x10dc  control.o [1]
  .text                ro code  0x000014f4    0x30  I32ToDbl.o [4]
  .text                ro code  0x00001524   0x246  DblDiv.o [4]
  .text                ro code  0x0000176a    0x22  zero_init3.o [5]
  .text                ro code  0x0000178c    0x90  DblToFlt.o [4]
  .text                ro code  0x0000181c    0x2e  I32ToFlt.o [4]
  .text                ro code  0x0000184c    0xd8  FltMul.o [4]
  .text                ro code  0x00001924    0x44  FltToS32.o [4]
  .text                ro code  0x00001968    0xfc  FltDiv.o [4]
  .text                ro code  0x00001a64    0x4e  FltToDbl.o [4]
  .text                ro code  0x00001ab4    0x58  DblToI32.o [4]
  .text                ro code  0x00001b0c     0x8  abs.o [3]
  .text                ro code  0x00001b14    0xe6  FltSub.o [4]
  .text                ro code  0x00001bfc   0x398  MK60_ftm.o [1]
  .text                ro code  0x00001f94    0x74  FltAdd.o [4]
  .text                ro code  0x00002008    0xb0  MK60_port.o [1]
  Veneer               ro code  0x000020b8     0x8  - Linker created -
  Veneer               ro code  0x000020c0     0x8  - Linker created -
  .text                ro code  0x000020c8   0x140  MK60_conf.o [1]
  .text                ro code  0x00002208    0x70  VCAN_LED.o [1]
  .text                ro code  0x00002278    0x24  printf.o [3]
  .text                ro code  0x0000229c    0x64  MK60_SysTick.o [1]
  .text                ro code  0x00002300   0x24c  MK60_uart.o [1]
  .text                ro code  0x0000254c    0x9c  VCAN_key.o [1]
  .text                ro code  0x000025e8   0x19c  MK60_gpio.o [1]
  .text                ro code  0x00002784   0xbe2  xprintflarge_nomb.o [3]
  .text                ro code  0x00003368    0x16  strchr.o [5]
  .text                ro code  0x00003380    0x36  strlen.o [5]
  .text                ro code  0x000033b8    0x58  memchr.o [5]
  .text                ro code  0x00003410    0xee  I64DivMod.o [5]
  .text                ro code  0x00003500    0x76  ABImemcpy_unaligned.o [5]
  .text                ro code  0x00003576    0x42  xdnorm.o [4]
  .text                ro code  0x000035b8    0x2e  DblCmpLe.o [4]
  .text                ro code  0x000035e8   0x1a2  DblMul.o [4]
  .text                ro code  0x0000378c   0x180  DblSub.o [4]
  .text                ro code  0x0000390c    0x6c  localeconv.o [3]
  .text                ro code  0x00003978     0xe  div.o [3]
  .text                ro code  0x00003988     0x2  I64DivZer.o [5]
  .text                ro code  0x0000398c    0xd4  DblAdd.o [4]
  .text                ro code  0x00003a60     0x2  xtls.o [3]
  .data_init                    0x00003a64   0x820  <Block>
    Initializer bytes  ro data  0x00003a64   0x820  <for .data-1>
  .text                ro code  0x00004284   0x452  lcd.o [1]
  Veneer               ro code  0x000046d8     0x8  - Linker created -
  .text                ro code  0x000046e0   0x3c8  MK60_mcg.o [1]
  .text                ro code  0x00004aa8   0x2b8  MK60_adc.o [1]
  .text                ro code  0x00004d60   0x268  MK60_dma.o [1]
  .text                ro code  0x00004fc8   0x246  VCAN_TSL1401.o [1]
  .text                ro code  0x00005210    0x7c  MK60_PIT.o [1]
  .rodata              const    0x0000528c   0x228  lcd.o [1]
  .text                ro code  0x000054b4   0x228  anjian.o [1]
  .text                ro code  0x000056dc   0x1d0  main.o [1]
  .text                ro code  0x000058ac    0x50  misc.o [1]
  CodeRelocate                  0x000058fc   0x1c8  <Block>
    Initializer bytes  ro data  0x000058fc   0x1c8  <for CodeRelocateRam-1>
  .text                ro code  0x00005ac4   0x130  system_MK60DZ10.o [1]
  .text                ro code  0x00005bf4    0x40  MK60_wdog.o [1]
  .rodata              const    0x00005c34    0x40  VCAN_TSL1401.o [1]
  .rodata              const    0x00005c74    0x3c  MK60_conf.o [1]
  .rodata              const    0x00005cb0    0x3c  MK60_flash.o [1]
  .rodata              const    0x00005cec    0x3c  MK60_gpio.o [1]
  .rodata              const    0x00005d28    0x3c  MK60_SysTick.o [1]
  .rodata              const    0x00005d64    0x3c  MK60_uart.o [1]
  .rodata              const    0x00005da0    0x38  MK60_adc.o [1]
  .rodata              const    0x00005dd8    0x38  MK60_ftm.o [1]
  .rodata              const    0x00005e10    0x38  MK60_PIT.o [1]
  .rodata              const    0x00005e48    0x34  misc.o [1]
  .text                ro code  0x00005e7c    0x28  data_init.o [5]
  .rodata              const    0x00005ea4    0x24  MK60_conf.o [1]
  .iar.init_table      const    0x00005ec8    0x10  - Linker created -
  .rodata              const    0x00005ed8    0x20  MK60_conf.o [1]
  .text                ro code  0x00005ef8    0x1a  cmain.o [5]
  .text                ro code  0x00005f12     0x4  low_level_init.o [3]
  .text                ro code  0x00005f16     0x4  exit.o [3]
  .text                ro code  0x00005f1c     0xa  cexit.o [5]
  .text                ro code  0x00005f28     0xc  XXexit.o [5]
  .text                ro code  0x00005f34    0x16  xprout.o [3]
  .text                ro code  0x00005f4c     0xc  putchar.o [3]
  .rodata              const    0x00005f58    0x14  MK60_conf.o [1]
  .text                ro code  0x00005f6c     0xc  cstartup_M.o [5]
  Initializer bytes    ro data  0x00005f78    0x88  <for P2 s0>
                              - 0x00006000  0x5be8

"P2", part 1 of 3:                           0x9e8
  .data                         0x1fff0410   0x820  <Block>
    .data-1                     0x1fff0410   0x820  <Init block>
      .data            inited   0x1fff0410     0x4  control.o [1]
      .data            inited   0x1fff0414     0x4  control.o [1]
      .data            inited   0x1fff0418     0x4  control.o [1]
      .data            inited   0x1fff041c     0x4  control.o [1]
      .data            inited   0x1fff0420     0x4  control.o [1]
      .data            inited   0x1fff0424     0x4  control.o [1]
      .data            inited   0x1fff0428     0x4  control.o [1]
      .data            inited   0x1fff042c     0x4  control.o [1]
      .data            inited   0x1fff0430     0x4  control.o [1]
      .data            inited   0x1fff0434     0x8  MK60_adc.o [1]
      .data            inited   0x1fff043c   0x708  MK60_conf.o [1]
      .data            inited   0x1fff0b44     0xc  MK60_ftm.o [1]
      .data            inited   0x1fff0b50    0x14  MK60_gpio.o [1]
      .data            inited   0x1fff0b64    0x44  MK60_mcg.o [1]
      .data            inited   0x1fff0ba8     0x4  MK60_mcg.o [1]
      .data            inited   0x1fff0bac    0x14  MK60_port.o [1]
      .data            inited   0x1fff0bc0    0x18  MK60_uart.o [1]
      .data            inited   0x1fff0bd8     0x8  VCAN_key.o [1]
      .data            inited   0x1fff0be0     0x4  VCAN_LED.o [1]
      .data            inited   0x1fff0be4     0x4  VCAN_TSL1401.o [1]
      .data            inited   0x1fff0be8     0x4  VCAN_TSL1401.o [1]
      .data            inited   0x1fff0bec     0x4  VCAN_TSL1401.o [1]
      .data            inited   0x1fff0bf0    0x40  xfiles.o [3]
  CodeRelocateRam               0x1fff0c30   0x1c8  <Block>
    CodeRelocateRam-1           0x1fff0c30   0x1c8  <Init block>
      Veneer           inited   0x1fff0c30     0x8  - Linker created -
      Veneer           inited   0x1fff0c38     0x8  - Linker created -
      .textrw          inited   0x1fff0c40   0x168  MK60_flash.o [1]
      .textrw          inited   0x1fff0da8    0x50  MK60_mcg.o [1]
                              - 0x1fff0df8   0x9e8

"P2", part 2 of 3:                           0xb10
  .bss                          0x1fff0df8   0xb0d  <Block>
    .bss               zero     0x1fff0df8     0x4  anjian.o [1]
    .bss               zero     0x1fff0dfc     0x4  anjian.o [1]
    .bss               zero     0x1fff0e00     0xc  anjian.o [1]
    .bss               zero     0x1fff0e0c     0x4  anjian.o [1]
    .bss               zero     0x1fff0e10   0x480  control.o [1]
    .bss               zero     0x1fff1290     0x4  control.o [1]
    .bss               zero     0x1fff1294     0x4  control.o [1]
    .bss               zero     0x1fff1298     0x4  control.o [1]
    .bss               zero     0x1fff129c     0x4  control.o [1]
    .bss               zero     0x1fff12a0     0x4  control.o [1]
    .bss               zero     0x1fff12a4     0x4  control.o [1]
    .bss               zero     0x1fff12a8     0x4  control.o [1]
    .bss               zero     0x1fff12ac     0x4  control.o [1]
    .bss               zero     0x1fff12b0     0x4  control.o [1]
    .bss               zero     0x1fff12b4     0x4  control.o [1]
    .bss               zero     0x1fff12b8     0x4  control.o [1]
    .bss               zero     0x1fff12bc     0x4  control.o [1]
    .bss               zero     0x1fff12c0     0x4  control.o [1]
    .bss               zero     0x1fff12c4     0x4  control.o [1]
    .bss               zero     0x1fff12c8     0x4  control.o [1]
    .bss               zero     0x1fff12cc     0x4  control.o [1]
    .bss               zero     0x1fff12d0     0x4  control.o [1]
    .bss               zero     0x1fff12d4     0x4  control.o [1]
    .bss               zero     0x1fff12d8     0x4  control.o [1]
    .bss               zero     0x1fff12dc     0x4  control.o [1]
    .bss               zero     0x1fff12e0     0x4  control.o [1]
    .bss               zero     0x1fff12e4     0x4  control.o [1]
    .bss               zero     0x1fff12e8     0x4  control.o [1]
    .bss               zero     0x1fff12ec     0x4  control.o [1]
    .bss               zero     0x1fff12f0     0x4  control.o [1]
    .bss               zero     0x1fff12f4     0x4  control.o [1]
    .bss               zero     0x1fff12f8     0x4  control.o [1]
    .bss               zero     0x1fff12fc     0x4  control.o [1]
    .bss               zero     0x1fff1300     0x4  control.o [1]
    .bss               zero     0x1fff1304     0x4  control.o [1]
    .bss               zero     0x1fff1308     0x4  control.o [1]
    .bss               zero     0x1fff130c     0x4  control.o [1]
    .bss               zero     0x1fff1310     0x4  control.o [1]
    .bss               zero     0x1fff1314     0x4  control.o [1]
    .bss               zero     0x1fff1318     0x4  control.o [1]
    .bss               zero     0x1fff131c     0x4  control.o [1]
    .bss               zero     0x1fff1320     0x4  control.o [1]
    .bss               zero     0x1fff1324     0x4  control.o [1]
    .bss               zero     0x1fff1328    0x80  control.o [1]
    .bss               zero     0x1fff13a8    0x80  control.o [1]
    .bss               zero     0x1fff1428    0x14  control.o [1]
    .bss               zero     0x1fff143c     0x4  control.o [1]
    .bss               zero     0x1fff1440   0x400  lcd.o [1]
    .bss               zero     0x1fff1840     0x4  main.o [1]
    .bss               zero     0x1fff1844     0x4  main.o [1]
    .bss               zero     0x1fff1848     0x4  main.o [1]
    .bss               zero     0x1fff184c     0x4  main.o [1]
    .bss               zero     0x1fff1850    0x40  MK60_dma.o [1]
    .bss               zero     0x1fff1890     0x4  system_MK60DZ10.o [1]
    .bss               zero     0x1fff1894     0x4  system_MK60DZ10.o [1]
    .bss               zero     0x1fff1898     0x4  system_MK60DZ10.o [1]
    .bss               zero     0x1fff189c     0x4  VCAN_TSL1401.o [1]
    .bss               zero     0x1fff18a0     0x8  VCAN_TSL1401.o [1]
    .bss               zero     0x1fff18a8    0x50  xfiles.o [3]
    .bss               zero     0x1fff18f8     0x2  control.o [1]
    .bss               zero     0x1fff18fa     0x1  anjian.o [1]
    .bss               zero     0x1fff18fb     0x1  anjian.o [1]
    .bss               zero     0x1fff18fc     0x1  anjian.o [1]
    .bss               zero     0x1fff18fd     0x1  anjian.o [1]
    .bss               zero     0x1fff18fe     0x1  anjian.o [1]
    .bss               zero     0x1fff18ff     0x1  anjian.o [1]
    .bss               zero     0x1fff1900     0x1  anjian.o [1]
    .bss               zero     0x1fff1901     0x1  anjian.o [1]
    .bss               zero     0x1fff1902     0x1  control.o [1]
    .bss               zero     0x1fff1903     0x1  control.o [1]
    .bss               zero     0x1fff1904     0x1  VCAN_TSL1401.o [1]
                              - 0x1fff1905   0xb0d

"P2", part 3 of 3:                            0x88
  P2 s0                         0x1fff1908    0x88  <Init block>
    __DLIB_PERTHREAD   inited   0x1fff1908    0x88  localeconv.o [3]
                              - 0x1fff1990    0x88


*******************************************************************************
*** INIT TABLE
***

          Address     Size
          -------     ----
Zero (__iar_zero_init3)
    1 destination range, total size 0xb0d:
          0x1fff0df8  0xb0d



*******************************************************************************
*** MODULE SUMMARY
***

    Module                 ro code  rw code  ro data  rw data
    ------                 -------  -------  -------  -------
C:\Users\Jamorn\Desktop\ccd_program\Prj\IAR\DZ10_Debug\Obj: [1]
    MK60_PIT.o                 124                56
    MK60_SysTick.o             100                60
    MK60_adc.o                 696                64        8
    MK60_conf.o                320             1 948    1 800
    MK60_dma.o                 616                         64
    MK60_flash.o                        360      420
    MK60_ftm.o                 920                68       12
    MK60_gpio.o                412                80       20
    MK60_mcg.o                 968       80      152       72
    MK60_port.o                176                20       20
    MK60_uart.o                588                84       24
    MK60_wdog.o                 64
    VCAN_LED.o                 112                 4        4
    VCAN_TSL1401.o             582                76       25
    VCAN_key.o                 156                 8        8
    anjian.o                   552                         32
    control.o                4 316                36    1 624
    lcd.o                    1 106               552    1 024
    main.o                     464                         16
    misc.o                      80                52
    startup_MK60DZ10.o           8
    system_MK60DZ10.o          304                         12
    vectors.o                                  1 040
    ---------------------------------------------------------
    Total:                  12 664      440    4 720    4 765

command line: [2]
    ---------------------------------------------------------
    Total:

dl7M_tlf.a: [3]
    abs.o                        8
    div.o                       14
    exit.o                       4
    localeconv.o               108               136      136
    low_level_init.o             4
    printf.o                    36
    putchar.o                   12
    xfiles.o                                      64      144
    xprintflarge_nomb.o      3 042
    xprout.o                    22
    xtls.o                       2
    ---------------------------------------------------------
    Total:                   3 252               200      280

m7M_tl.a: [4]
    DblAdd.o                   212
    DblCmpLe.o                  46
    DblDiv.o                   582
    DblMul.o                   418
    DblSub.o                   384
    DblToFlt.o                 144
    DblToI32.o                  88
    FltAdd.o                   116
    FltDiv.o                   252
    FltMul.o                   216
    FltSub.o                   230
    FltToDbl.o                  78
    FltToS32.o                  68
    I32ToDbl.o                  48
    I32ToFlt.o                  46
    xdnorm.o                    66
    ---------------------------------------------------------
    Total:                   2 994

rt7M_tl.a: [5]
    ABImemcpy_unaligned.o      118
    I64DivMod.o                238
    I64DivZer.o                  2
    XXexit.o                    12
    cexit.o                     10
    cmain.o                     26
    cstartup_M.o                12
    data_init.o                 40
    memchr.o                    88
    strchr.o                    22
    strlen.o                    54
    zero_init3.o                34
    ---------------------------------------------------------
    Total:                     656

    Gaps                        32
    Linker created              24       16       32
-------------------------------------------------------------
    Grand Total:            19 622      456    4 952    5 045


*******************************************************************************
*** ENTRY LIST
***

Entry                      Address   Size  Type      Object
-----                      -------   ----  ----      ------
.bss$$Base              0x1fff0df8          --   Gb  - Linker created -
.bss$$Limit             0x1fff1905          --   Gb  - Linker created -
.data$$Base             0x1fff0410          --   Gb  - Linker created -
.data$$Limit            0x1fff0c30          --   Gb  - Linker created -
.data_init$$Base        0x00003a64          --   Gb  - Linker created -
.data_init$$Limit       0x00004284          --   Gb  - Linker created -
?main                   0x00005ef9         Code  Gb  cmain.o [5]
ADCN                    0x1fff0434    0x8  Data  Gb  MK60_adc.o [1]
ASSERT_FAILED_STR       0x00005ea4   0x24  Data  Gb  MK60_conf.o [1]
CCD1_Offset             0x1fff0414    0x4  Data  Gb  control.o [1]
CCD_BUFF                0x1fff0e10  0x480  Data  Gb  control.o [1]
CodeRelocate$$Base      0x000058fc          --   Gb  - Linker created -
CodeRelocate$$Limit     0x00005ac4          --   Gb  - Linker created -
CodeRelocateRam$$Base   0x1fff0c30          --   Gb  - Linker created -
CodeRelocateRam$$Limit  0x1fff0df8          --   Gb  - Linker created -
D                       0x1fff12dc    0x4  Data  Gb  control.o [1]
DMA_count_Init          0x00004d77  0x1ec  Code  Gb  MK60_dma.o [1]
DMA_count_get           0x00004f63   0x1c  Code  Gb  MK60_dma.o [1]
DMA_count_reset         0x00004f7f   0x18  Code  Gb  MK60_dma.o [1]
DPWM                    0x1fff18f8    0x2  Data  Gb  control.o [1]
DZerror                 0x1fff1428   0x14  Data  Gb  control.o [1]
F6x8                    0x0000528c  0x228  Data  Gb  lcd.o [1]
FTMN                    0x1fff0b44    0xc  Data  Gb  MK60_ftm.o [1]
FTM_port_mux            0x00001bfd  0x118  Code  Lc  MK60_ftm.o [1]
FWerror                 0x1fff1310    0x4  Data  Gb  control.o [1]
FWerrorpre              0x1fff1314    0x4  Data  Gb  control.o [1]
GPIOX                   0x1fff0b50   0x14  Data  Gb  MK60_gpio.o [1]
KEY_PTxn                0x1fff0bd8    0x8  Data  Gb  VCAN_key.o [1]
L1_Lflag                0x1fff12ac    0x4  Data  Gb  control.o [1]
L1_flag                 0x1fff12a4    0x4  Data  Gb  control.o [1]
L1count                 0x1fff12e0    0x4  Data  Gb  control.o [1]
L2_Lflag                0x1fff12b8    0x4  Data  Gb  control.o [1]
L2_flag                 0x1fff12b4    0x4  Data  Gb  control.o [1]
LCD_DLY_ms              0x000043e7   0x1c  Code  Gb  lcd.o [1]
LCD_Fill                0x000043a7   0x40  Code  Gb  lcd.o [1]
LCD_Init                0x00004403  0x122  Code  Gb  lcd.o [1]
LCD_Set_Pos             0x0000437f   0x28  Code  Gb  lcd.o [1]
LCD_Show_Number         0x000045c9  0x10e  Code  Gb  lcd.o [1]
LCD_WrCmd               0x00004305   0x7a  Code  Gb  lcd.o [1]
LCD_WrDat               0x00004285   0x7e  Code  Gb  lcd.o [1]
LCD_write_char          0x0000456d   0x38  Code  Gb  lcd.o [1]
LED_PTxn                0x1fff0be0    0x4  Data  Gb  VCAN_LED.o [1]
Max_Value               0x1fff12c8    0x4  Data  Gb  control.o [1]
NVIC_EnableIRQ          0x000056dd   0x14  Code  Lc  main.o [1]
NVIC_EnableIRQ          0x00004d61   0x16  Code  Lc  MK60_dma.o [1]
NVIC_SystemReset        0x000020c9   0x1a  Code  Lc  MK60_conf.o [1]
OLED_GRAM               0x1fff1440  0x400  Data  Gb  lcd.o [1]
OLED_Refresh_Gram       0x00004525   0x48  Code  Gb  lcd.o [1]
P                       0x1fff12d8    0x4  Data  Gb  control.o [1]
PIT0_IRQHandler         0x000057e9   0x84  Code  Gb  main.o [1]
PORTX                   0x1fff0bac   0x14  Data  Gb  MK60_port.o [1]
R1_Rflag                0x1fff12b0    0x4  Data  Gb  control.o [1]
R1_flag                 0x1fff12a8    0x4  Data  Gb  control.o [1]
R1count                 0x1fff12e4    0x4  Data  Gb  control.o [1]
R2_Rflag                0x1fff12c0    0x4  Data  Gb  control.o [1]
R2_flag                 0x1fff12bc    0x4  Data  Gb  control.o [1]
Region$$Table$$Base     0x00005ec8          --   Gb  - Linker created -
Region$$Table$$Limit    0x00005ed8          --   Gb  - Linker created -
Reset_Handler           0x00000411         Code  Gb  startup_MK60DZ10.o [1]
Ryuzhi                  0x1fff143c    0x4  Data  Gb  control.o [1]
Stopflag                0x1fff12d0    0x4  Data  Gb  control.o [1]
TC_flag                 0x1fff12cc    0x4  Data  Gb  control.o [1]
UARTN                   0x1fff0bc0   0x18  Data  Gb  MK60_uart.o [1]
ZA_flag                 0x1fff12f4    0x4  Data  Gb  control.o [1]
ZAline                  0x1fff12f8    0x4  Data  Gb  control.o [1]
_GenldLargeNoMb         0x000030e9  0x234  Code  Lc  xprintflarge_nomb.o [3]
_LdtobLargeNoMb         0x00002e69  0x27a  Code  Lc  xprintflarge_nomb.o [3]
_LitobLargeNoMb         0x00002d61  0x106  Code  Lc  xprintflarge_nomb.o [3]
_Locale_aeabi_lconv     0x1fff1958   0x38  Data  Gb  localeconv.o [3]
_Locale_lconv           0x1fff1908   0x50  Data  Gb  localeconv.o [3]
_PrintfLargeNoMb        0x00002785  0x5d6  Code  Gb  xprintflarge_nomb.o [3]
_Prout                  0x00005f35   0x16  Code  Gb  xprout.o [3]
_PutcharsLargeNoMb      0x0000331d   0x2e  Code  Lc  xprintflarge_nomb.o [3]
__BOOT_STACK_ADDRESS {Abs}
                        0x2000fff8          --   Gb  command line/config [2]
__VECTOR_RAM {Abs}      0x1fff0000          --   Gb  command line/config [2]
__VECTOR_TABLE {Abs}    0x00000000          --   Gb  command line/config [2]
__aeabi_cdcmple         0x000035b9         Code  Gb  DblCmpLe.o [4]
__aeabi_d2f             0x0000178d         Code  Gb  DblToFlt.o [4]
__aeabi_d2iz            0x00001ab5         Code  Gb  DblToI32.o [4]
__aeabi_d2uiz           0x00001ae1         Code  Gb  DblToI32.o [4]
__aeabi_ddiv            0x00001525         Code  Gb  DblDiv.o [4]
__aeabi_dmul            0x000035e9         Code  Gb  DblMul.o [4]
__aeabi_dsub            0x0000378d         Code  Gb  DblSub.o [4]
__aeabi_f2d             0x00001a65         Code  Gb  FltToDbl.o [4]
__aeabi_f2iz            0x00001925         Code  Gb  FltToS32.o [4]
__aeabi_fdiv            0x00001969         Code  Gb  FltDiv.o [4]
__aeabi_fmul            0x0000184d         Code  Gb  FltMul.o [4]
__aeabi_fsub            0x00001b15         Code  Gb  FltSub.o [4]
__aeabi_i2d             0x000014f5         Code  Gb  I32ToDbl.o [4]
__aeabi_i2f             0x0000181d         Code  Gb  I32ToFlt.o [4]
__aeabi_ldiv0           0x00003989         Code  Gb  I64DivZer.o [5]
__aeabi_ui2d            0x00001509         Code  Gb  I32ToDbl.o [4]
__aeabi_uldivmod        0x00003411         Code  Gb  I64DivMod.o [5]
__cmain                 0x00005ef9         Code  Gb  cmain.o [5]
__code_start__ {Abs}    0x00000410          --   Gb  command line/config [2]
__exit                  0x00005f29         Code  Gb  XXexit.o [5]
__iar_Dnorm             0x00003577   0x42  Code  Gb  xdnorm.o [4]
__iar_Locale_lconv_init
                        0x0000390d   0x3a  Code  Gb  localeconv.o [3]
__iar_Memchr            0x000033b9         Code  Gb  memchr.o [5]
__iar_Stdout            0x1fff0bf0   0x40  Data  Gb  xfiles.o [3]
__iar_Strchr            0x00003369         Code  Gb  strchr.o [5]
__iar_d2uiz             0x00001aed         Code  Gb  DblToI32.o [4]
__iar_dadd              0x0000398d         Code  Gb  DblAdd.o [4]
__iar_data_init3        0x00005e7d   0x28  Code  Gb  data_init.o [5]
__iar_dlib_perthread_access
                        0x00003a61    0x2  Code  Gb  xtls.o [3]
__iar_dsub              0x000037a1         Code  Gb  DblSub.o [4]
__iar_dsubStart         0x000037b3         Code  Gb  DblSub.o [4]
__iar_fadd              0x00001f95         Code  Gb  FltAdd.o [4]
__iar_fsub              0x00001b25         Code  Gb  FltSub.o [4]
__iar_fsubStart         0x00001b35         Code  Gb  FltSub.o [4]
__iar_program_start     0x00005f6d         Code  Gb  cstartup_M.o [5]
__iar_ui2d              0x0000150d         Code  Gb  I32ToDbl.o [4]
__iar_ui2f              0x00001831         Code  Gb  I32ToFlt.o [4]
__iar_unaligned___aeabi_memcpy
                        0x00003501         Code  Gb  ABImemcpy_unaligned.o [5]
__iar_unaligned___aeabi_memcpy4
                        0x00003521         Code  Gb  ABImemcpy_unaligned.o [5]
__iar_unaligned___aeabi_memcpy8
                        0x00003521         Code  Gb  ABImemcpy_unaligned.o [5]
__iar_zero_init3        0x0000176b   0x22  Code  Gb  zero_init3.o [5]
__low_level_init        0x00005f13    0x4  Code  Gb  low_level_init.o [3]
__vector_table          0x00000000  0x410  Data  Gb  vectors.o [1]
_call_main              0x00005f05         Code  Gb  cmain.o [5]
_exit                   0x00005f1d         Code  Gb  cexit.o [5]
_main                   0x00005f0f         Code  Gb  cmain.o [5]
abs                     0x00001b0d    0x8  Code  Gb  abs.o [3]
adc_init                0x00004aa9  0x20e  Code  Gb  MK60_adc.o [1]
adc_once                0x00004cb7   0x50  Code  Gb  MK60_adc.o [1]
adc_start               0x00004d07   0x44  Code  Lc  MK60_adc.o [1]
assert_failed           0x000020e3   0x26  Code  Gb  MK60_conf.o [1]
b                       0x1fff12e8    0x4  Data  Gb  control.o [1]
bpre                    0x1fff12ec    0x4  Data  Gb  control.o [1]
breakpoint1             0x1fff12fc    0x4  Data  Gb  control.o [1]
breakpoint3             0x1fff1300    0x4  Data  Gb  control.o [1]
bus_clk_khz             0x1fff1898    0x4  Data  Gb  system_MK60DZ10.o [1]
c                       0x1fff1294    0x4  Data  Gb  control.o [1]
ccd2_data               0x1fff1328   0x80  Data  Gb  control.o [1]
ccd2_datagy             0x1fff13a8   0x80  Data  Gb  control.o [1]
ccd2_deall              0x00000419  0xe4c  Code  Gb  control.o [1]
change1                 0x1fff1298    0x4  Data  Gb  control.o [1]
common_startup          0x00005b23   0x98  Code  Gb  system_MK60DZ10.o [1]
core_clk_khz            0x1fff1890    0x4  Data  Gb  system_MK60DZ10.o [1]
core_clk_mhz            0x1fff1894    0x4  Data  Gb  system_MK60DZ10.o [1]
count_init              0x1fff1850   0x40  Data  Gb  MK60_dma.o [1]
default_isr             0x000021b7   0x30  Code  Gb  MK60_conf.o [1]
div                     0x00003979    0xe  Code  Gb  div.o [3]
error                   0x1fff1308    0x4  Data  Gb  control.o [1]
error1                  0x1fff1304    0x4  Data  Gb  control.o [1]
error_speed             0x1fff0e00    0xc  Data  Gb  anjian.o [1]
errorpre                0x1fff130c    0x4  Data  Gb  control.o [1]
exit                    0x00005f17    0x4  Code  Gb  exit.o [3]
f                       0x1fff12c4    0x4  Data  Gb  control.o [1]
flash_cmd               0x1fff0c41   0x20  Code  Gb  MK60_flash.o [1]
flash_erase_sector      0x1fff0c91   0x58  Code  Gb  MK60_flash.o [1]
flash_init              0x1fff0c61   0x30  Code  Gb  MK60_flash.o [1]
flash_write             0x1fff0ce9   0x8e  Code  Gb  MK60_flash.o [1]
fputc                   0x00002109   0x14  Code  Gb  MK60_conf.o [1]
ftm_pwm_duty            0x00001e91   0xf0  Code  Gb  MK60_ftm.o [1]
ftm_pwm_init            0x00001d15  0x17c  Code  Gb  MK60_ftm.o [1]
gpio_get                0x00002741   0x3a  Code  Gb  MK60_gpio.o [1]
gpio_init               0x000025e9   0xae  Code  Gb  MK60_gpio.o [1]
gpio_set                0x00002697   0x72  Code  Gb  MK60_gpio.o [1]
gpio_turn               0x00002709   0x38  Code  Gb  MK60_gpio.o [1]
init_speed              0x1fff0df8    0x4  Data  Gb  anjian.o [1]
key1                    0x1fff18fa    0x1  Data  Gb  anjian.o [1]
key2                    0x1fff18fb    0x1  Data  Gb  anjian.o [1]
key3                    0x1fff18fc    0x1  Data  Gb  anjian.o [1]
key4                    0x1fff18fd    0x1  Data  Gb  anjian.o [1]
key_check               0x000025b9   0x2a  Code  Gb  VCAN_key.o [1]
key_get                 0x0000259f   0x1a  Code  Gb  VCAN_key.o [1]
key_init                0x0000254d   0x52  Code  Gb  VCAN_key.o [1]
key_scan                0x000055c5   0x2c  Code  Gb  anjian.o [1]
lastkey1                0x1fff18fe    0x1  Data  Gb  anjian.o [1]
lastkey2                0x1fff18ff    0x1  Data  Gb  anjian.o [1]
lastkey3                0x1fff1900    0x1  Data  Gb  anjian.o [1]
lastkey4                0x1fff1901    0x1  Data  Gb  anjian.o [1]
led_init                0x00002209   0x3a  Code  Gb  VCAN_LED.o [1]
led_turn                0x00002243   0x32  Code  Gb  VCAN_LED.o [1]
localeconv              0x00003947   0x16  Code  Gb  localeconv.o [3]
lv                      0x1fff129c    0x4  Data  Gb  control.o [1]
m                       0x1fff1318    0x4  Data  Gb  control.o [1]
main                    0x00005703   0xe4  Code  Gb  main.o [1]
mcg_cfg                 0x1fff0b64   0x44  Data  Gb  MK60_mcg.o [1]
mcg_div                 0x1fff0ba8    0x4  Data  Gb  MK60_mcg.o [1]
mcg_div_count           0x000046e1  0x2fa  Code  Gb  MK60_mcg.o [1]
memchr                  0x000033b9         Code  Gb  memchr.o [5]
miserror1               0x1fff131c    0x4  Data  Gb  control.o [1]
miserror2               0x1fff1320    0x4  Data  Gb  control.o [1]
miszhongxian1           0x1fff042c    0x4  Data  Gb  control.o [1]
miszhongxian2           0x1fff0430    0x4  Data  Gb  control.o [1]
nihe                    0x000056f1   0x12  Code  Gb  main.o [1]
obuf                    0x1fff18a8   0x50  Data  Lc  xfiles.o [3]
pit_init                0x00005211   0x6c  Code  Gb  MK60_PIT.o [1]
pll_init                0x000049db   0xb2  Code  Gb  MK60_mcg.o [1]
port_init               0x00002009   0x44  Code  Gb  MK60_port.o [1]
port_init_NoALT         0x0000204d   0x62  Code  Gb  MK60_port.o [1]
printf                  0x00002279   0x24  Code  Gb  printf.o [3]
putchar                 0x00005f4d    0xc  Code  Gb  putchar.o [3]
qipao                   0x1fff12f0    0x4  Data  Gb  control.o [1]
qipaocount              0x1fff184c    0x4  Data  Gb  main.o [1]
ratio                   0x1fff12d4    0x4  Data  Gb  control.o [1]
rv                      0x1fff12a0    0x4  Data  Gb  control.o [1]
s                       0x1fff0410    0x4  Data  Gb  control.o [1]
sd                      0x1fff0428    0x4  Data  Gb  control.o [1]
set_sys_dividers        0x1fff0da9   0x50  Code  Gb  MK60_mcg.o [1]
set_vector_handler      0x000058cf   0x22  Code  Gb  misc.o [1]
setting                 0x000055f1   0xb8  Code  Gb  anjian.o [1]
shuchu                  0x00001289  0x1be  Code  Gb  control.o [1]
speed                   0x1fff0dfc    0x4  Data  Gb  anjian.o [1]
speed_set               0x000054b5  0x110  Code  Gb  anjian.o [1]
speedset                0x1fff0e0c    0x4  Data  Gb  anjian.o [1]
start                   0x00005ac5   0x22  Code  Gb  system_MK60DZ10.o [1]
start_check             0x0000211d   0x9a  Code  Gb  MK60_conf.o [1]
strchr                  0x00003369         Code  Gb  strchr.o [5]
strlen                  0x00003381         Code  Gb  strlen.o [5]
sum                     0x1fff1290    0x4  Data  Gb  control.o [1]
sysinit                 0x00005ae7   0x3c  Code  Gb  system_MK60DZ10.o [1]
systick_delay           0x0000229d   0x36  Code  Gb  MK60_SysTick.o [1]
systick_delay_ms        0x000022d3   0x18  Code  Gb  MK60_SysTick.o [1]
temp                    0x1fff1902    0x1  Data  Gb  control.o [1]
temp4                   0x1fff1903    0x1  Data  Gb  control.o [1]
tempp                   0x1fff1324    0x4  Data  Gb  control.o [1]
tsl1401_addr            0x1fff18a0    0x8  Data  Gb  VCAN_TSL1401.o [1]
tsl1401_ch              0x1fff0be4    0x4  Data  Gb  VCAN_TSL1401.o [1]
tsl1401_clk             0x1fff0bec    0x4  Data  Gb  VCAN_TSL1401.o [1]
tsl1401_clk_out         0x00004ff9   0x30  Code  Gb  VCAN_TSL1401.o [1]
tsl1401_delay           0x00005101   0x12  Code  Lc  VCAN_TSL1401.o [1]
tsl1401_flag            0x1fff1904    0x1  Data  Lc  VCAN_TSL1401.o [1]
tsl1401_gather          0x00005113   0x80  Code  Lc  VCAN_TSL1401.o [1]
tsl1401_get_img         0x000050d1   0x12  Code  Gb  VCAN_TSL1401.o [1]
tsl1401_init            0x00005029   0x52  Code  Gb  VCAN_TSL1401.o [1]
tsl1401_restet          0x000051b5   0x5a  Code  Lc  VCAN_TSL1401.o [1]
tsl1401_set_addrs       0x0000507b   0x56  Code  Gb  VCAN_TSL1401.o [1]
tsl1401_si              0x1fff0be8    0x4  Data  Gb  VCAN_TSL1401.o [1]
tsl1401_si_out          0x00004fc9   0x30  Code  Gb  VCAN_TSL1401.o [1]
tsl1401_time            0x1fff189c    0x4  Data  Lc  VCAN_TSL1401.o [1]
tsl1401_time_isr        0x000050e3   0x1e  Code  Gb  VCAN_TSL1401.o [1]
uart_init               0x00002301  0x218  Code  Gb  MK60_uart.o [1]
uart_putchar            0x00002519   0x1a  Code  Gb  MK60_uart.o [1]
vector_str              0x1fff043c  0x708  Data  Gb  MK60_conf.o [1]
vl                      0x1fff1840    0x4  Data  Gb  main.o [1]
vr                      0x1fff1844    0x4  Data  Gb  main.o [1]
wdog_disable            0x00005bf5   0x16  Code  Gb  MK60_wdog.o [1]
wdog_unlock             0x00005c0b   0x20  Code  Lc  MK60_wdog.o [1]
wide                    0x1fff0420    0x4  Data  Gb  control.o [1]
write_vtor              0x000058ad   0x22  Code  Gb  misc.o [1]
zhangaicount            0x1fff1848    0x4  Data  Gb  main.o [1]
zhongxian               0x1fff0424    0x4  Data  Gb  control.o [1]
zhongxian1              0x1fff0418    0x4  Data  Gb  control.o [1]
zhongxianpre1           0x1fff041c    0x4  Data  Gb  control.o [1]


[1] = C:\Users\Jamorn\Desktop\ccd_program\Prj\IAR\DZ10_Debug\Obj
[2] = command line
[3] = dl7M_tlf.a
[4] = m7M_tl.a
[5] = rt7M_tl.a

  19 622 bytes of readonly  code memory
     456 bytes of readwrite code memory
   4 952 bytes of readonly  data memory
   5 045 bytes of readwrite data memory

Errors: none
Warnings: none
