###############################################################################
#
# IAR ELF Linker V7.10.1.6676/W32 for ARM                 30/Sep/2016  13:18:30
# Copyright 2007-2014 IAR Systems AB.
#
#    Output file  =  
#        C:\Users\Jamorn\Desktop\ccd_program\Prj\IAR\DZ10_Release\Exe\vcan_Kinetis.out
#    Map file     =  
#        C:\Users\Jamorn\Desktop\ccd_program\Prj\IAR\DZ10_Release\List\vcan_Kinetis.map
#    Command line =  
#        C:\Users\Jamorn\Desktop\ccd_program\Prj\IAR\DZ10_Release\Obj\anjian.o
#        C:\Users\Jamorn\Desktop\ccd_program\Prj\IAR\DZ10_Release\Obj\control.o
#        C:\Users\Jamorn\Desktop\ccd_program\Prj\IAR\DZ10_Release\Obj\diskio.o
#        C:\Users\Jamorn\Desktop\ccd_program\Prj\IAR\DZ10_Release\Obj\ff.o
#        C:\Users\Jamorn\Desktop\ccd_program\Prj\IAR\DZ10_Release\Obj\IIC.o
#        C:\Users\Jamorn\Desktop\ccd_program\Prj\IAR\DZ10_Release\Obj\lcd.o
#        C:\Users\Jamorn\Desktop\ccd_program\Prj\IAR\DZ10_Release\Obj\main.o
#        C:\Users\Jamorn\Desktop\ccd_program\Prj\IAR\DZ10_Release\Obj\misc.o
#        C:\Users\Jamorn\Desktop\ccd_program\Prj\IAR\DZ10_Release\Obj\MK60_adc.o
#        C:\Users\Jamorn\Desktop\ccd_program\Prj\IAR\DZ10_Release\Obj\MK60_can.o
#        C:\Users\Jamorn\Desktop\ccd_program\Prj\IAR\DZ10_Release\Obj\MK60_conf.o
#        C:\Users\Jamorn\Desktop\ccd_program\Prj\IAR\DZ10_Release\Obj\MK60_dac.o
#        C:\Users\Jamorn\Desktop\ccd_program\Prj\IAR\DZ10_Release\Obj\MK60_dma.o
#        C:\Users\Jamorn\Desktop\ccd_program\Prj\IAR\DZ10_Release\Obj\MK60_DWT.o
#        C:\Users\Jamorn\Desktop\ccd_program\Prj\IAR\DZ10_Release\Obj\MK60_flash.o
#        C:\Users\Jamorn\Desktop\ccd_program\Prj\IAR\DZ10_Release\Obj\MK60_flexbus.o
#        C:\Users\Jamorn\Desktop\ccd_program\Prj\IAR\DZ10_Release\Obj\MK60_ftm.o
#        C:\Users\Jamorn\Desktop\ccd_program\Prj\IAR\DZ10_Release\Obj\MK60_gpio.o
#        C:\Users\Jamorn\Desktop\ccd_program\Prj\IAR\DZ10_Release\Obj\MK60_i2c.o
#        C:\Users\Jamorn\Desktop\ccd_program\Prj\IAR\DZ10_Release\Obj\MK60_it.o
#        C:\Users\Jamorn\Desktop\ccd_program\Prj\IAR\DZ10_Release\Obj\MK60_lptmr.o
#        C:\Users\Jamorn\Desktop\ccd_program\Prj\IAR\DZ10_Release\Obj\MK60_mcg.o
#        C:\Users\Jamorn\Desktop\ccd_program\Prj\IAR\DZ10_Release\Obj\MK60_PIT.o
#        C:\Users\Jamorn\Desktop\ccd_program\Prj\IAR\DZ10_Release\Obj\MK60_port.o
#        C:\Users\Jamorn\Desktop\ccd_program\Prj\IAR\DZ10_Release\Obj\MK60_rtc.o
#        C:\Users\Jamorn\Desktop\ccd_program\Prj\IAR\DZ10_Release\Obj\MK60_sdhc.o
#        C:\Users\Jamorn\Desktop\ccd_program\Prj\IAR\DZ10_Release\Obj\MK60_spi.o
#        C:\Users\Jamorn\Desktop\ccd_program\Prj\IAR\DZ10_Release\Obj\MK60_SysTick.o
#        C:\Users\Jamorn\Desktop\ccd_program\Prj\IAR\DZ10_Release\Obj\MK60_uart.o
#        C:\Users\Jamorn\Desktop\ccd_program\Prj\IAR\DZ10_Release\Obj\MK60_usb.o
#        C:\Users\Jamorn\Desktop\ccd_program\Prj\IAR\DZ10_Release\Obj\MK60_wdog.o
#        C:\Users\Jamorn\Desktop\ccd_program\Prj\IAR\DZ10_Release\Obj\startup_MK60DZ10.o
#        C:\Users\Jamorn\Desktop\ccd_program\Prj\IAR\DZ10_Release\Obj\system_MK60DZ10.o
#        C:\Users\Jamorn\Desktop\ccd_program\Prj\IAR\DZ10_Release\Obj\USB.o
#        C:\Users\Jamorn\Desktop\ccd_program\Prj\IAR\DZ10_Release\Obj\USB_CDC.o
#        C:\Users\Jamorn\Desktop\ccd_program\Prj\IAR\DZ10_Release\Obj\VCAN_ASCII.o
#        C:\Users\Jamorn\Desktop\ccd_program\Prj\IAR\DZ10_Release\Obj\VCAN_BMP.o
#        C:\Users\Jamorn\Desktop\ccd_program\Prj\IAR\DZ10_Release\Obj\VCAN_camera.o
#        C:\Users\Jamorn\Desktop\ccd_program\Prj\IAR\DZ10_Release\Obj\vcan_img2sd.o
#        C:\Users\Jamorn\Desktop\ccd_program\Prj\IAR\DZ10_Release\Obj\VCAN_key.o
#        C:\Users\Jamorn\Desktop\ccd_program\Prj\IAR\DZ10_Release\Obj\VCAN_key_event.o
#        C:\Users\Jamorn\Desktop\ccd_program\Prj\IAR\DZ10_Release\Obj\VCAN_LCD.o
#        C:\Users\Jamorn\Desktop\ccd_program\Prj\IAR\DZ10_Release\Obj\VCAN_LCD_CH.o
#        C:\Users\Jamorn\Desktop\ccd_program\Prj\IAR\DZ10_Release\Obj\VCAN_LCD_ILI9341.o
#        C:\Users\Jamorn\Desktop\ccd_program\Prj\IAR\DZ10_Release\Obj\VCAN_LCD_ST7735R.o
#        C:\Users\Jamorn\Desktop\ccd_program\Prj\IAR\DZ10_Release\Obj\VCAN_LCD_ST7735S.o
#        C:\Users\Jamorn\Desktop\ccd_program\Prj\IAR\DZ10_Release\Obj\VCAN_LED.o
#        C:\Users\Jamorn\Desktop\ccd_program\Prj\IAR\DZ10_Release\Obj\VCAN_NRF24L0.o
#        C:\Users\Jamorn\Desktop\ccd_program\Prj\IAR\DZ10_Release\Obj\VCAN_NRF24L0_MSG.o
#        C:\Users\Jamorn\Desktop\ccd_program\Prj\IAR\DZ10_Release\Obj\VCAN_OV7725_Eagle.o
#        C:\Users\Jamorn\Desktop\ccd_program\Prj\IAR\DZ10_Release\Obj\VCAN_OV7725_Wolf.o
#        C:\Users\Jamorn\Desktop\ccd_program\Prj\IAR\DZ10_Release\Obj\VCAN_RTC_count.o
#        C:\Users\Jamorn\Desktop\ccd_program\Prj\IAR\DZ10_Release\Obj\VCAN_SCCB.o
#        C:\Users\Jamorn\Desktop\ccd_program\Prj\IAR\DZ10_Release\Obj\vcan_sd_app.o
#        C:\Users\Jamorn\Desktop\ccd_program\Prj\IAR\DZ10_Release\Obj\Vcan_touch.o
#        C:\Users\Jamorn\Desktop\ccd_program\Prj\IAR\DZ10_Release\Obj\VCAN_TSL1401.o
#        C:\Users\Jamorn\Desktop\ccd_program\Prj\IAR\DZ10_Release\Obj\VCAN_UI_VAR.o
#        C:\Users\Jamorn\Desktop\ccd_program\Prj\IAR\DZ10_Release\Obj\vectors.o
#        --redirect _Printf=_PrintfLargeNoMb --redirect _Scanf=_ScanfLargeNoMb
#        -o
#        C:\Users\Jamorn\Desktop\ccd_program\Prj\IAR\DZ10_Release\Exe\vcan_Kinetis.out
#        --map
#        C:\Users\Jamorn\Desktop\ccd_program\Prj\IAR\DZ10_Release\List\vcan_Kinetis.map
#        --config "C:\Users\Jamorn\Desktop\ccd_program\Prj\IAR\config
#        files\vcan_ROM_K60N512.icf"
#        C:\Users\Jamorn\Desktop\ccd_program\Prj\IAR\..\..\Lib\CMSIS\iar_cortexM4l_math.a
#        --entry __iar_program_start --redirect __write=__write_buffered
#        --inline --vfe
#
###############################################################################

*******************************************************************************
*** RUNTIME MODEL ATTRIBUTES
***

CppFlavor       = *
__SystemLibrary = DLib


*******************************************************************************
*** PLACEMENT SUMMARY
***

"A1":  place at 0x00000000 { ro section .intvec };
"A2":  place at 0x00000410 { ro section .noinit };
"P1":  place in [from 0x00000000 to 0x00080000] { ro, block CodeRelocate };
"P2":  place in [from 0x1fff0410 to 0x20010000] {
          rw, block CodeRelocateRam, block CSTACK, block HEAP };

  Section              Kind        Address    Size  Object
  -------              ----        -------    ----  ------
"A1":                                        0x410
  .intvec              const    0x00000000   0x410  vectors.o [1]
                              - 0x00000410   0x410

"P1", part 1 of 2:                             0x0
  .rodata              const    0x00000410     0x0  zero_init3.o [5]

"A2":                                          0x8
  .noinit              ro code  0x00000410     0x8  startup_MK60DZ10.o [1]
                              - 0x00000418     0x8

"P1", part 2 of 2:                          0x2974
  .text                ro code  0x00000418   0xa0a  control.o [1]
  .text                ro code  0x00000e22    0x22  zero_init3.o [5]
  .text                ro code  0x00000e44    0x2c  I32ToDbl.o [4]
  .text                ro code  0x00000e70   0x246  DblDiv.o [4]
  .text                ro code  0x000010b8    0x90  DblToFlt.o [4]
  .text                ro code  0x00001148    0x2e  I32ToFlt.o [4]
  .text                ro code  0x00001178    0xd8  FltMul.o [4]
  .text                ro code  0x00001250    0x44  FltToS32.o [4]
  .text                ro code  0x00001294    0xfc  FltDiv.o [4]
  .text                ro code  0x00001390    0x4e  FltToDbl.o [4]
  .text                ro code  0x000013e0   0x1a2  DblMul.o [4]
  .text                ro code  0x00001584    0x4c  DblToI32.o [4]
  .text                ro code  0x000015d0    0xe8  DblAdd.o [4]
  .text                ro code  0x000016b8   0x180  DblSub.o [4]
  .text                ro code  0x00001838    0x84  FltAdd.o [4]
  .text                ro code  0x000018bc   0x174  MK60_ftm.o [1]
  .text                ro code  0x00001a30   0x17c  MK60_uart.o [1]
  .text                ro code  0x00001bac    0xd6  FltSub.o [4]
  .text                ro code  0x00001c84    0x3c  MK60_port.o [1]
  .data_init                    0x00001cc0   0x290  <Block>
    Initializer bytes  ro data  0x00001cc0   0x290  <for .data-1>
  .text                ro code  0x00001f50   0x20c  VCAN_TSL1401.o [1]
  .text                ro code  0x0000215c    0x80  MK60_gpio.o [1]
  .text                ro code  0x000021dc   0x128  MK60_adc.o [1]
  .text                ro code  0x00002304    0x3c  MK60_PIT.o [1]
  Veneer               ro code  0x00002340     0x8  - Linker created -
  .text                ro code  0x00002348   0x1c4  MK60_mcg.o [1]
  .text                ro code  0x0000250c   0x1b0  lcd.o [1]
  .text                ro code  0x000026bc   0x184  anjian.o [1]
  .text                ro code  0x00002840   0x134  MK60_dma.o [1]
  .text                ro code  0x00002974   0x16c  main.o [1]
  .text                ro code  0x00002ae0    0x18  misc.o [1]
  .text                ro code  0x00002af8    0xcc  system_MK60DZ10.o [1]
  .text                ro code  0x00002bc4    0x2c  MK60_wdog.o [1]
  .text                ro code  0x00002bf0    0x76  ABImemcpy_unaligned.o [5]
  .text                ro code  0x00002c68     0x6  ABImemclr.o [5]
  .text                ro code  0x00002c70    0x5e  ABImemset.o [5]
  CodeRelocate                  0x00002cd0    0x3c  <Block>
    Initializer bytes  ro data  0x00002cd0    0x3c  <for CodeRelocateRam-1>
  .text                ro code  0x00002d0c    0x28  data_init.o [5]
  .iar.init_table      const    0x00002d34    0x10  - Linker created -
  .text                ro code  0x00002d44    0x1a  cmain.o [5]
  .text                ro code  0x00002d5e     0x4  exit.o [3]
  .text                ro code  0x00002d64     0xa  cexit.o [5]
  .text                ro code  0x00002d70     0xc  XXexit.o [5]
  .text                ro code  0x00002d7c     0xc  cstartup_M.o [5]
  .text                ro code  0x00002d88     0x4  MK60_conf.o [1]
                              - 0x00002d8c  0x2974

"P2", part 1 of 2:                           0x2cc
  .data                         0x1fff0410   0x290  <Block>
    .data-1                     0x1fff0410   0x290  <Init block>
      .data            inited   0x1fff0410    0x60  control.o [1]
      .data            inited   0x1fff0470   0x178  control.o [1]
      .data            inited   0x1fff05e8     0x8  MK60_adc.o [1]
      .data            inited   0x1fff05f0     0xc  MK60_ftm.o [1]
      .data            inited   0x1fff05fc    0x14  MK60_gpio.o [1]
      .data            inited   0x1fff0610    0x44  MK60_mcg.o [1]
      .data            inited   0x1fff0654     0x4  MK60_mcg.o [1]
      .data            inited   0x1fff0658    0x14  MK60_port.o [1]
      .data            inited   0x1fff066c    0x18  MK60_uart.o [1]
      .data            inited   0x1fff0684    0x1c  VCAN_TSL1401.o [1]
  CodeRelocateRam               0x1fff06a0    0x3c  <Block>
    CodeRelocateRam-1           0x1fff06a0    0x3c  <Init block>
      .textrw          inited   0x1fff06a0    0x3c  MK60_mcg.o [1]
                              - 0x1fff06dc   0x2cc

"P2", part 2 of 2:                           0x508
  .bss                          0x1fff06dc   0x508  <Block>
    .bss               zero     0x1fff06dc    0x14  anjian.o [1]
    .bss               zero     0x1fff06f0    0x14  anjian.o [1]
    .bss               zero     0x1fff0704   0x480  control.o [1]
    .bss               zero     0x1fff0b84     0x4  control.o [1]
    .bss               zero     0x1fff0b88    0x10  main.o [1]
    .bss               zero     0x1fff0b98    0x40  MK60_dma.o [1]
    .bss               zero     0x1fff0bd8     0xc  system_MK60DZ10.o [1]
                              - 0x1fff0be4   0x508


*******************************************************************************
*** INIT TABLE
***

          Address     Size
          -------     ----
Zero (__iar_zero_init3)
    1 destination range, total size 0x508:
          0x1fff06dc  0x508



*******************************************************************************
*** MODULE SUMMARY
***

    Module                 ro code  rw code  ro data  rw data
    ------                 -------  -------  -------  -------
C:\Users\Jamorn\Desktop\ccd_program\Prj\IAR\DZ10_Release\Obj: [1]
    MK60_PIT.o                  60
    MK60_adc.o                 296                 8        8
    MK60_conf.o                  4
    MK60_dma.o                 308                         64
    MK60_ftm.o                 372                12       12
    MK60_gpio.o                128                20       20
    MK60_mcg.o                 452       60      132       72
    MK60_port.o                 60                20       20
    MK60_uart.o                380                24       24
    MK60_wdog.o                 44
    VCAN_TSL1401.o             524                28       28
    anjian.o                   388                         40
    control.o                2 570               472    1 628
    lcd.o                      432
    main.o                     364                         16
    misc.o                      24
    startup_MK60DZ10.o           8
    system_MK60DZ10.o          204                         12
    vectors.o                                  1 040
    ---------------------------------------------------------
    Total:                   6 618       60    1 756    1 944

command line: [2]
    ---------------------------------------------------------
    Total:

dl7M_tlf.a: [3]
    exit.o                       4
    ---------------------------------------------------------
    Total:                       4

m7M_tl.a: [4]
    DblAdd.o                   232
    DblDiv.o                   582
    DblMul.o                   418
    DblSub.o                   384
    DblToFlt.o                 144
    DblToI32.o                  76
    FltAdd.o                   132
    FltDiv.o                   252
    FltMul.o                   216
    FltSub.o                   214
    FltToDbl.o                  78
    FltToS32.o                  68
    I32ToDbl.o                  44
    I32ToFlt.o                  46
    ---------------------------------------------------------
    Total:                   2 886

rt7M_tl.a: [5]
    ABImemclr.o                  6
    ABImemcpy_unaligned.o      118
    ABImemset.o                 94
    XXexit.o                    12
    cexit.o                     10
    cmain.o                     26
    cstartup_M.o                12
    data_init.o                 40
    zero_init3.o                34
    ---------------------------------------------------------
    Total:                     352

    Gaps                        18
    Linker created               8                16
-------------------------------------------------------------
    Grand Total:             9 886       60    1 772    1 944


*******************************************************************************
*** ENTRY LIST
***

Entry                      Address   Size  Type      Object
-----                      -------   ----  ----      ------
.bss$$Base              0x1fff06dc          --   Gb  - Linker created -
.bss$$Limit             0x1fff0be4          --   Gb  - Linker created -
.data$$Base             0x1fff0410          --   Gb  - Linker created -
.data$$Limit            0x1fff06a0          --   Gb  - Linker created -
.data_init$$Base        0x00001cc0          --   Gb  - Linker created -
.data_init$$Limit       0x00001f50          --   Gb  - Linker created -
?main                   0x00002d45         Code  Gb  cmain.o [5]
ADCN                    0x1fff05e8    0x8  Data  Gb  MK60_adc.o [1]
CCD1_Offset             0x1fff0598    0x4  Data  Gb  control.o [1]
CCD_BUFF                0x1fff0704  0x480  Data  Gb  control.o [1]
CodeRelocate$$Base      0x00002cd0          --   Gb  - Linker created -
CodeRelocate$$Limit     0x00002d0c          --   Gb  - Linker created -
CodeRelocateRam$$Base   0x1fff06a0          --   Gb  - Linker created -
CodeRelocateRam$$Limit  0x1fff06dc          --   Gb  - Linker created -
D                       0x1fff0448    0x4  Data  Gb  control.o [1]
DMA_count_Init          0x00002841   0xe4  Code  Gb  MK60_dma.o [1]
DMA_count_get           0x00002925   0x16  Code  Gb  MK60_dma.o [1]
DMA_count_reset         0x0000293b   0x14  Code  Gb  MK60_dma.o [1]
DPWM                    0x1fff0410    0x2  Data  Gb  control.o [1]
DZerror                 0x1fff0414   0x14  Data  Gb  control.o [1]
FTMN                    0x1fff05f0    0xc  Data  Gb  MK60_ftm.o [1]
FTM_port_mux            0x000018bd   0xac  Code  Lc  MK60_ftm.o [1]
FWerror                 0x1fff0460    0x4  Data  Gb  control.o [1]
FWerrorpre              0x1fff0464    0x4  Data  Gb  control.o [1]
GPIOX                   0x1fff05fc   0x14  Data  Gb  MK60_gpio.o [1]
L1_Lflag                0x1fff057c    0x4  Data  Gb  control.o [1]
L1_flag                 0x1fff0574    0x4  Data  Gb  control.o [1]
L1count                 0x1fff05a4    0x4  Data  Gb  control.o [1]
L2_Lflag                0x1fff058c    0x4  Data  Gb  control.o [1]
L2_flag                 0x1fff0588    0x4  Data  Gb  control.o [1]
LCD_Fill                0x00002591   0x30  Code  Gb  lcd.o [1]
LCD_Init                0x000025c1   0xf2  Code  Gb  lcd.o [1]
LCD_WrCmd               0x00002551   0x40  Code  Gb  lcd.o [1]
LCD_WrDat               0x0000250d   0x44  Code  Gb  lcd.o [1]
Max_Value               0x1fff059c    0x4  Data  Gb  control.o [1]
P                       0x1fff0444    0x4  Data  Gb  control.o [1]
PIT0_IRQHandler         0x00002a45   0x70  Code  Gb  main.o [1]
PORTX                   0x1fff0658   0x14  Data  Gb  MK60_port.o [1]
R1_Rflag                0x1fff0580    0x4  Data  Gb  control.o [1]
R1_flag                 0x1fff0578    0x4  Data  Gb  control.o [1]
R1count                 0x1fff05a8    0x4  Data  Gb  control.o [1]
R2_Rflag                0x1fff0594    0x4  Data  Gb  control.o [1]
R2_flag                 0x1fff0590    0x4  Data  Gb  control.o [1]
Region$$Table$$Base     0x00002d34          --   Gb  - Linker created -
Region$$Table$$Limit    0x00002d44          --   Gb  - Linker created -
Reset_Handler           0x00000411         Code  Gb  startup_MK60DZ10.o [1]
Ryuzhi                  0x1fff05e4    0x4  Data  Gb  control.o [1]
Stopflag                0x1fff0440    0x4  Data  Gb  control.o [1]
TC_flag                 0x1fff043c    0x4  Data  Gb  control.o [1]
UARTN                   0x1fff066c   0x18  Data  Gb  MK60_uart.o [1]
ZA_flag                 0x1fff05b0    0x4  Data  Gb  control.o [1]
ZAline                  0x1fff05b4    0x4  Data  Gb  control.o [1]
__BOOT_STACK_ADDRESS {Abs}
                        0x2000fff8          --   Gb  command line/config [2]
__VECTOR_RAM {Abs}      0x1fff0000          --   Gb  command line/config [2]
__VECTOR_TABLE {Abs}    0x00000000          --   Gb  command line/config [2]
__aeabi_d2f             0x000010b9         Code  Gb  DblToFlt.o [4]
__aeabi_d2iz            0x00001585         Code  Gb  DblToI32.o [4]
__aeabi_dadd            0x000015d1         Code  Gb  DblAdd.o [4]
__aeabi_ddiv            0x00000e71         Code  Gb  DblDiv.o [4]
__aeabi_dmul            0x000013e1         Code  Gb  DblMul.o [4]
__aeabi_dsub            0x000016b9         Code  Gb  DblSub.o [4]
__aeabi_f2d             0x00001391         Code  Gb  FltToDbl.o [4]
__aeabi_f2iz            0x00001251         Code  Gb  FltToS32.o [4]
__aeabi_fadd            0x00001839         Code  Gb  FltAdd.o [4]
__aeabi_fdiv            0x00001295         Code  Gb  FltDiv.o [4]
__aeabi_fmul            0x00001179         Code  Gb  FltMul.o [4]
__aeabi_i2d             0x00000e45         Code  Gb  I32ToDbl.o [4]
__aeabi_i2f             0x00001149         Code  Gb  I32ToFlt.o [4]
__aeabi_memclr          0x00002c69         Code  Gb  ABImemclr.o [5]
__cmain                 0x00002d45         Code  Gb  cmain.o [5]
__code_start__ {Abs}    0x00000410          --   Gb  command line/config [2]
__exit                  0x00002d71         Code  Gb  XXexit.o [5]
__iar_Memset_word       0x00002c71         Code  Gb  ABImemset.o [5]
__iar_d2uiz             0x000015b1         Code  Gb  DblToI32.o [4]
__iar_dadd              0x000015e5         Code  Gb  DblAdd.o [4]
__iar_data_init3        0x00002d0d   0x28  Code  Gb  data_init.o [5]
__iar_dsub              0x000016cd         Code  Gb  DblSub.o [4]
__iar_dsubStart         0x000016df         Code  Gb  DblSub.o [4]
__iar_fadd              0x00001849         Code  Gb  FltAdd.o [4]
__iar_fsub              0x00001bad         Code  Gb  FltSub.o [4]
__iar_fsubStart         0x00001bbd         Code  Gb  FltSub.o [4]
__iar_program_start     0x00002d7d         Code  Gb  cstartup_M.o [5]
__iar_ui2d              0x00000e59         Code  Gb  I32ToDbl.o [4]
__iar_ui2f              0x0000115d         Code  Gb  I32ToFlt.o [4]
__iar_unaligned___aeabi_memcpy
                        0x00002bf1         Code  Gb  ABImemcpy_unaligned.o [5]
__iar_unaligned___aeabi_memcpy4
                        0x00002c11         Code  Gb  ABImemcpy_unaligned.o [5]
__iar_unaligned___aeabi_memcpy8
                        0x00002c11         Code  Gb  ABImemcpy_unaligned.o [5]
__iar_zero_init3        0x00000e23   0x22  Code  Gb  zero_init3.o [5]
__vector_table          0x00000000  0x410  Data  Gb  vectors.o [1]
_call_main              0x00002d51         Code  Gb  cmain.o [5]
_exit                   0x00002d65         Code  Gb  cexit.o [5]
_main                   0x00002d5b         Code  Gb  cmain.o [5]
adc_init                0x000021dd   0xea  Code  Gb  MK60_adc.o [1]
adc_once                0x000022c7   0x36  Code  Gb  MK60_adc.o [1]
b                       0x1fff044c    0x4  Data  Gb  control.o [1]
bpre                    0x1fff0450    0x4  Data  Gb  control.o [1]
breakpoint1             0x1fff05b8    0x4  Data  Gb  control.o [1]
breakpoint3             0x1fff05bc    0x4  Data  Gb  control.o [1]
bus_clk_khz             0x1fff0be0    0x4  Data  Gb  system_MK60DZ10.o [1]
c                       0x1fff0428    0x4  Data  Gb  control.o [1]
ccd2_data               0x1fff0470   0x80  Data  Gb  control.o [1]
ccd2_datagy             0x1fff04f4   0x80  Data  Gb  control.o [1]
ccd2_deall              0x00000419  0x85a  Code  Gb  control.o [1]
change1                 0x1fff042c    0x4  Data  Gb  control.o [1]
common_startup          0x00002b4b   0x48  Code  Gb  system_MK60DZ10.o [1]
core_clk_khz            0x1fff0bd8    0x4  Data  Gb  system_MK60DZ10.o [1]
core_clk_mhz            0x1fff0bdc    0x4  Data  Gb  system_MK60DZ10.o [1]
count_init              0x1fff0b98   0x40  Data  Gb  MK60_dma.o [1]
default_isr             0x00002d89    0x2  Code  Gb  MK60_conf.o [1]
error                   0x1fff0458    0x4  Data  Gb  control.o [1]
error1                  0x1fff0454    0x4  Data  Gb  control.o [1]
error_speed_left        0x1fff06dc    0xc  Data  Gb  anjian.o [1]
error_speed_right       0x1fff06f0    0xc  Data  Gb  anjian.o [1]
errorpre                0x1fff045c    0x4  Data  Gb  control.o [1]
exit                    0x00002d5f    0x4  Code  Gb  exit.o [3]
f                       0x1fff0438    0x4  Data  Gb  control.o [1]
ftm_pwm_duty            0x000019ed   0x36  Code  Gb  MK60_ftm.o [1]
ftm_pwm_init            0x00001969   0x84  Code  Gb  MK60_ftm.o [1]
gpio_get                0x000021c1   0x18  Code  Gb  MK60_gpio.o [1]
gpio_init               0x0000215d   0x42  Code  Gb  MK60_gpio.o [1]
gpio_set                0x0000219f   0x22  Code  Gb  MK60_gpio.o [1]
init_speed_left         0x1fff06ec    0x4  Data  Gb  anjian.o [1]
init_speed_right        0x1fff0700    0x4  Data  Gb  anjian.o [1]
lv                      0x1fff0430    0x4  Data  Gb  control.o [1]
m                       0x1fff05cc    0x4  Data  Gb  control.o [1]
main                    0x00002975   0xcc  Code  Gb  main.o [1]
mcg_cfg                 0x1fff0610   0x44  Data  Gb  MK60_mcg.o [1]
mcg_div                 0x1fff0654    0x4  Data  Gb  MK60_mcg.o [1]
mcg_div_count           0x00002349  0x13a  Code  Gb  MK60_mcg.o [1]
miserror1               0x1fff05d8    0x4  Data  Gb  control.o [1]
miserror2               0x1fff05dc    0x4  Data  Gb  control.o [1]
miszhongxian1           0x1fff05d0    0x4  Data  Gb  control.o [1]
miszhongxian2           0x1fff05d4    0x4  Data  Gb  control.o [1]
pit_init                0x00002305   0x30  Code  Gb  MK60_PIT.o [1]
pll_init                0x00002483   0x7c  Code  Gb  MK60_mcg.o [1]
port_init               0x00001c85   0x2c  Code  Gb  MK60_port.o [1]
qipao                   0x1fff05ac    0x4  Data  Gb  control.o [1]
qipaocount              0x1fff0b94    0x4  Data  Gb  main.o [1]
ratio                   0x1fff05a0    0x4  Data  Gb  control.o [1]
rv                      0x1fff0434    0x4  Data  Gb  control.o [1]
s                       0x1fff0584    0x4  Data  Gb  control.o [1]
sd                      0x1fff046c    0x4  Data  Gb  control.o [1]
set_sys_dividers        0x1fff06a1   0x3c  Code  Gb  MK60_mcg.o [1]
set_vector_handler      0x00002ae7    0x8  Code  Gb  misc.o [1]
shuchu                  0x00000c73  0x14a  Code  Gb  control.o [1]
speed_left              0x1fff06e8    0x4  Data  Gb  anjian.o [1]
speed_right             0x1fff06fc    0x4  Data  Gb  anjian.o [1]
speed_set_left          0x00002775   0xb6  Code  Gb  anjian.o [1]
speed_set_right         0x000026bd   0xb8  Code  Gb  anjian.o [1]
start                   0x00002af9   0x1e  Code  Gb  system_MK60DZ10.o [1]
sum                     0x1fff0b84    0x4  Data  Gb  control.o [1]
sysinit                 0x00002b17   0x34  Code  Gb  system_MK60DZ10.o [1]
temp                    0x1fff04f0    0x1  Data  Gb  control.o [1]
temp4                   0x1fff04f1    0x1  Data  Gb  control.o [1]
tempp                   0x1fff05e0    0x4  Data  Gb  control.o [1]
tsl1401_addr            0x1fff0694    0x8  Data  Gb  VCAN_TSL1401.o [1]
tsl1401_ch              0x1fff0690    0x4  Data  Gb  VCAN_TSL1401.o [1]
tsl1401_clk             0x1fff0688    0x4  Data  Gb  VCAN_TSL1401.o [1]
tsl1401_clk_out         0x00001f63   0x10  Code  Gb  VCAN_TSL1401.o [1]
tsl1401_flag            0x1fff068c    0x1  Data  Lc  VCAN_TSL1401.o [1]
tsl1401_get_img         0x00001ffd   0x10  Code  Gb  VCAN_TSL1401.o [1]
tsl1401_init            0x00001f7d   0x54  Code  Gb  VCAN_TSL1401.o [1]
tsl1401_restet          0x000020b7   0x98  Code  Lc  VCAN_TSL1401.o [1]
tsl1401_set_addrs       0x00001fd1   0x2c  Code  Gb  VCAN_TSL1401.o [1]
tsl1401_si              0x1fff0684    0x4  Data  Gb  VCAN_TSL1401.o [1]
tsl1401_si_out          0x00001f51   0x12  Code  Gb  VCAN_TSL1401.o [1]
tsl1401_time            0x1fff069c    0x4  Data  Lc  VCAN_TSL1401.o [1]
tsl1401_time_isr        0x0000200d   0xaa  Code  Gb  VCAN_TSL1401.o [1]
uart_init               0x00001a31  0x148  Code  Gb  MK60_uart.o [1]
uart_putbuff            0x00001b79   0x24  Code  Gb  MK60_uart.o [1]
vcan_sendccd            0x00000de1   0x3c  Code  Gb  control.o [1]
vl                      0x1fff0b88    0x4  Data  Gb  main.o [1]
vr                      0x1fff0b8c    0x4  Data  Gb  main.o [1]
wdog_disable            0x00002bc5   0x26  Code  Gb  MK60_wdog.o [1]
wide                    0x1fff05c8    0x4  Data  Gb  control.o [1]
write_vtor              0x00002ae1    0x6  Code  Gb  misc.o [1]
zhangaicount            0x1fff0b90    0x4  Data  Gb  main.o [1]
zhongxian               0x1fff0468    0x4  Data  Gb  control.o [1]
zhongxian1              0x1fff05c0    0x4  Data  Gb  control.o [1]
zhongxianpre1           0x1fff05c4    0x4  Data  Gb  control.o [1]


[1] = C:\Users\Jamorn\Desktop\ccd_program\Prj\IAR\DZ10_Release\Obj
[2] = command line
[3] = dl7M_tlf.a
[4] = m7M_tl.a
[5] = rt7M_tl.a

  9 886 bytes of readonly  code memory
     60 bytes of readwrite code memory
  1 772 bytes of readonly  data memory
  1 944 bytes of readwrite data memory

Errors: none
Warnings: none
