###############################################################################
#
# IAR ELF Linker V7.10.1.6676/W32 for ARM                 30/Dec/2016  15:58:01
# Copyright 2007-2014 IAR Systems AB.
#
#    Output file  =  
#        C:\Users\Jamorn\Desktop\ccd_program\Prj\IAR\DZ10_Release\Exe\vcan_Kinetis.out
#    Map file     =  
#        C:\Users\Jamorn\Desktop\ccd_program\Prj\IAR\DZ10_Release\List\vcan_Kinetis.map
#    Command line =  
#        C:\Users\Jamorn\Desktop\ccd_program\Prj\IAR\DZ10_Release\Obj\anjian.o
#        C:\Users\Jamorn\Desktop\ccd_program\Prj\IAR\DZ10_Release\Obj\control.o
#        C:\Users\Jamorn\Desktop\ccd_program\Prj\IAR\DZ10_Release\Obj\diskio.o
#        C:\Users\Jamorn\Desktop\ccd_program\Prj\IAR\DZ10_Release\Obj\ff.o
#        C:\Users\Jamorn\Desktop\ccd_program\Prj\IAR\DZ10_Release\Obj\IIC.o
#        C:\Users\Jamorn\Desktop\ccd_program\Prj\IAR\DZ10_Release\Obj\lcd.o
#        C:\Users\Jamorn\Desktop\ccd_program\Prj\IAR\DZ10_Release\Obj\main.o
#        C:\Users\Jamorn\Desktop\ccd_program\Prj\IAR\DZ10_Release\Obj\misc.o
#        C:\Users\Jamorn\Desktop\ccd_program\Prj\IAR\DZ10_Release\Obj\MK60_adc.o
#        C:\Users\Jamorn\Desktop\ccd_program\Prj\IAR\DZ10_Release\Obj\MK60_can.o
#        C:\Users\Jamorn\Desktop\ccd_program\Prj\IAR\DZ10_Release\Obj\MK60_conf.o
#        C:\Users\Jamorn\Desktop\ccd_program\Prj\IAR\DZ10_Release\Obj\MK60_dac.o
#        C:\Users\Jamorn\Desktop\ccd_program\Prj\IAR\DZ10_Release\Obj\MK60_dma.o
#        C:\Users\Jamorn\Desktop\ccd_program\Prj\IAR\DZ10_Release\Obj\MK60_DWT.o
#        C:\Users\Jamorn\Desktop\ccd_program\Prj\IAR\DZ10_Release\Obj\MK60_flash.o
#        C:\Users\Jamorn\Desktop\ccd_program\Prj\IAR\DZ10_Release\Obj\MK60_flexbus.o
#        C:\Users\Jamorn\Desktop\ccd_program\Prj\IAR\DZ10_Release\Obj\MK60_ftm.o
#        C:\Users\Jamorn\Desktop\ccd_program\Prj\IAR\DZ10_Release\Obj\MK60_gpio.o
#        C:\Users\Jamorn\Desktop\ccd_program\Prj\IAR\DZ10_Release\Obj\MK60_i2c.o
#        C:\Users\Jamorn\Desktop\ccd_program\Prj\IAR\DZ10_Release\Obj\MK60_it.o
#        C:\Users\Jamorn\Desktop\ccd_program\Prj\IAR\DZ10_Release\Obj\MK60_lptmr.o
#        C:\Users\Jamorn\Desktop\ccd_program\Prj\IAR\DZ10_Release\Obj\MK60_mcg.o
#        C:\Users\Jamorn\Desktop\ccd_program\Prj\IAR\DZ10_Release\Obj\MK60_PIT.o
#        C:\Users\Jamorn\Desktop\ccd_program\Prj\IAR\DZ10_Release\Obj\MK60_port.o
#        C:\Users\Jamorn\Desktop\ccd_program\Prj\IAR\DZ10_Release\Obj\MK60_rtc.o
#        C:\Users\Jamorn\Desktop\ccd_program\Prj\IAR\DZ10_Release\Obj\MK60_sdhc.o
#        C:\Users\Jamorn\Desktop\ccd_program\Prj\IAR\DZ10_Release\Obj\MK60_spi.o
#        C:\Users\Jamorn\Desktop\ccd_program\Prj\IAR\DZ10_Release\Obj\MK60_SysTick.o
#        C:\Users\Jamorn\Desktop\ccd_program\Prj\IAR\DZ10_Release\Obj\MK60_uart.o
#        C:\Users\Jamorn\Desktop\ccd_program\Prj\IAR\DZ10_Release\Obj\MK60_usb.o
#        C:\Users\Jamorn\Desktop\ccd_program\Prj\IAR\DZ10_Release\Obj\MK60_wdog.o
#        C:\Users\Jamorn\Desktop\ccd_program\Prj\IAR\DZ10_Release\Obj\startup_MK60DZ10.o
#        C:\Users\Jamorn\Desktop\ccd_program\Prj\IAR\DZ10_Release\Obj\system_MK60DZ10.o
#        C:\Users\Jamorn\Desktop\ccd_program\Prj\IAR\DZ10_Release\Obj\USB.o
#        C:\Users\Jamorn\Desktop\ccd_program\Prj\IAR\DZ10_Release\Obj\USB_CDC.o
#        C:\Users\Jamorn\Desktop\ccd_program\Prj\IAR\DZ10_Release\Obj\VCAN_ASCII.o
#        C:\Users\Jamorn\Desktop\ccd_program\Prj\IAR\DZ10_Release\Obj\VCAN_BMP.o
#        C:\Users\Jamorn\Desktop\ccd_program\Prj\IAR\DZ10_Release\Obj\VCAN_camera.o
#        C:\Users\Jamorn\Desktop\ccd_program\Prj\IAR\DZ10_Release\Obj\vcan_img2sd.o
#        C:\Users\Jamorn\Desktop\ccd_program\Prj\IAR\DZ10_Release\Obj\VCAN_key.o
#        C:\Users\Jamorn\Desktop\ccd_program\Prj\IAR\DZ10_Release\Obj\VCAN_key_event.o
#        C:\Users\Jamorn\Desktop\ccd_program\Prj\IAR\DZ10_Release\Obj\VCAN_LCD.o
#        C:\Users\Jamorn\Desktop\ccd_program\Prj\IAR\DZ10_Release\Obj\VCAN_LCD_CH.o
#        C:\Users\Jamorn\Desktop\ccd_program\Prj\IAR\DZ10_Release\Obj\VCAN_LCD_ILI9341.o
#        C:\Users\Jamorn\Desktop\ccd_program\Prj\IAR\DZ10_Release\Obj\VCAN_LCD_ST7735R.o
#        C:\Users\Jamorn\Desktop\ccd_program\Prj\IAR\DZ10_Release\Obj\VCAN_LCD_ST7735S.o
#        C:\Users\Jamorn\Desktop\ccd_program\Prj\IAR\DZ10_Release\Obj\VCAN_LED.o
#        C:\Users\Jamorn\Desktop\ccd_program\Prj\IAR\DZ10_Release\Obj\VCAN_NRF24L0.o
#        C:\Users\Jamorn\Desktop\ccd_program\Prj\IAR\DZ10_Release\Obj\VCAN_NRF24L0_MSG.o
#        C:\Users\Jamorn\Desktop\ccd_program\Prj\IAR\DZ10_Release\Obj\VCAN_OV7725_Eagle.o
#        C:\Users\Jamorn\Desktop\ccd_program\Prj\IAR\DZ10_Release\Obj\VCAN_OV7725_Wolf.o
#        C:\Users\Jamorn\Desktop\ccd_program\Prj\IAR\DZ10_Release\Obj\VCAN_RTC_count.o
#        C:\Users\Jamorn\Desktop\ccd_program\Prj\IAR\DZ10_Release\Obj\VCAN_SCCB.o
#        C:\Users\Jamorn\Desktop\ccd_program\Prj\IAR\DZ10_Release\Obj\vcan_sd_app.o
#        C:\Users\Jamorn\Desktop\ccd_program\Prj\IAR\DZ10_Release\Obj\Vcan_touch.o
#        C:\Users\Jamorn\Desktop\ccd_program\Prj\IAR\DZ10_Release\Obj\VCAN_TSL1401.o
#        C:\Users\Jamorn\Desktop\ccd_program\Prj\IAR\DZ10_Release\Obj\VCAN_UI_VAR.o
#        C:\Users\Jamorn\Desktop\ccd_program\Prj\IAR\DZ10_Release\Obj\vectors.o
#        --redirect _Printf=_PrintfLargeNoMb --redirect _Scanf=_ScanfLargeNoMb
#        -o
#        C:\Users\Jamorn\Desktop\ccd_program\Prj\IAR\DZ10_Release\Exe\vcan_Kinetis.out
#        --map
#        C:\Users\Jamorn\Desktop\ccd_program\Prj\IAR\DZ10_Release\List\vcan_Kinetis.map
#        --config "C:\Users\Jamorn\Desktop\ccd_program\Prj\IAR\config
#        files\vcan_ROM_K60N512.icf"
#        C:\Users\Jamorn\Desktop\ccd_program\Prj\IAR\..\..\Lib\CMSIS\iar_cortexM4l_math.a
#        --entry __iar_program_start --redirect __write=__write_buffered
#        --inline --vfe
#
###############################################################################

*******************************************************************************
*** RUNTIME MODEL ATTRIBUTES
***

CppFlavor       = *
__SystemLibrary = DLib


*******************************************************************************
*** PLACEMENT SUMMARY
***

"A1":  place at 0x00000000 { ro section .intvec };
"A2":  place at 0x00000410 { ro section .noinit };
"P1":  place in [from 0x00000000 to 0x00080000] { ro, block CodeRelocate };
"P2":  place in [from 0x1fff0410 to 0x20010000] {
          rw, block CodeRelocateRam, block CSTACK, block HEAP };

  Section              Kind        Address    Size  Object
  -------              ----        -------    ----  ------
"A1":                                        0x410
  .intvec              const    0x00000000   0x410  vectors.o [1]
                              - 0x00000410   0x410

"P1", part 1 of 2:                             0x0
  .rodata              const    0x00000410     0x0  zero_init3.o [5]

"A2":                                          0x8
  .noinit              ro code  0x00000410     0x8  startup_MK60DZ10.o [1]
                              - 0x00000418     0x8

"P1", part 2 of 2:                          0x2d6c
  .text                ro code  0x00000418   0xa32  control.o [1]
  .text                ro code  0x00000e4a    0x22  zero_init3.o [5]
  .text                ro code  0x00000e6c    0x2c  I32ToDbl.o [4]
  .text                ro code  0x00000e98   0x246  DblDiv.o [4]
  .text                ro code  0x000010e0    0x90  DblToFlt.o [4]
  .text                ro code  0x00001170    0x2e  I32ToFlt.o [4]
  .text                ro code  0x000011a0    0xd8  FltMul.o [4]
  .text                ro code  0x00001278    0x44  FltToS32.o [4]
  .text                ro code  0x000012bc    0xfc  FltDiv.o [4]
  .text                ro code  0x000013b8    0x4e  FltToDbl.o [4]
  .text                ro code  0x00001408   0x1a2  DblMul.o [4]
  .text                ro code  0x000015ac    0x4c  DblToI32.o [4]
  .text                ro code  0x000015f8   0x4f4  lcd.o [1]
  .text                ro code  0x00001aec    0xe6  FltSub.o [4]
  .text                ro code  0x00001bd4   0x174  MK60_ftm.o [1]
  .text                ro code  0x00001d48   0x17c  MK60_uart.o [1]
  .text                ro code  0x00001ec4    0x74  FltAdd.o [4]
  .text                ro code  0x00001f38    0x3c  MK60_port.o [1]
  .data_init                    0x00001f74   0x498  <Block>
    Initializer bytes  ro data  0x00001f74   0x498  <for .data-1>
  .text                ro code  0x0000240c   0x20c  anjian.o [1]
  .text                ro code  0x00002618   0x134  MK60_dma.o [1]
  .text                ro code  0x0000274c    0x80  MK60_gpio.o [1]
  .text                ro code  0x000027cc   0x20c  VCAN_TSL1401.o [1]
  .text                ro code  0x000029d8   0x128  MK60_adc.o [1]
  .text                ro code  0x00002b00    0x3c  MK60_PIT.o [1]
  .text                ro code  0x00002b3c   0x1d0  main.o [1]
  .text                ro code  0x00002d0c    0x18  misc.o [1]
  Veneer               ro code  0x00002d24     0x8  - Linker created -
  .text                ro code  0x00002d2c   0x1c4  MK60_mcg.o [1]
  .text                ro code  0x00002ef0    0xcc  system_MK60DZ10.o [1]
  .text                ro code  0x00002fbc    0x2c  MK60_wdog.o [1]
  .text                ro code  0x00002fe8    0x76  ABImemcpy_unaligned.o [5]
  .text                ro code  0x00003060     0x6  ABImemclr.o [5]
  .text                ro code  0x00003068    0x5e  ABImemset.o [5]
  CodeRelocate                  0x000030c8    0x3c  <Block>
    Initializer bytes  ro data  0x000030c8    0x3c  <for CodeRelocateRam-1>
  .text                ro code  0x00003104    0x28  data_init.o [5]
  .iar.init_table      const    0x0000312c    0x10  - Linker created -
  .text                ro code  0x0000313c    0x1a  cmain.o [5]
  .text                ro code  0x00003156     0x4  exit.o [3]
  .text                ro code  0x0000315c     0xa  cexit.o [5]
  .text                ro code  0x00003168     0xc  XXexit.o [5]
  .text                ro code  0x00003174     0xc  cstartup_M.o [5]
  .text                ro code  0x00003180     0x4  MK60_conf.o [1]
                              - 0x00003184  0x2d6c

"P2", part 1 of 2:                           0x4d4
  .data                         0x1fff0410   0x498  <Block>
    .data-1                     0x1fff0410   0x498  <Init block>
      .data            inited   0x1fff0410    0x60  control.o [1]
      .data            inited   0x1fff0470   0x380  control.o [1]
      .data            inited   0x1fff07f0     0x8  MK60_adc.o [1]
      .data            inited   0x1fff07f8     0xc  MK60_ftm.o [1]
      .data            inited   0x1fff0804    0x14  MK60_gpio.o [1]
      .data            inited   0x1fff0818    0x44  MK60_mcg.o [1]
      .data            inited   0x1fff085c     0x4  MK60_mcg.o [1]
      .data            inited   0x1fff0860    0x14  MK60_port.o [1]
      .data            inited   0x1fff0874    0x18  MK60_uart.o [1]
      .data            inited   0x1fff088c    0x1c  VCAN_TSL1401.o [1]
  CodeRelocateRam               0x1fff08a8    0x3c  <Block>
    CodeRelocateRam-1           0x1fff08a8    0x3c  <Init block>
      .textrw          inited   0x1fff08a8    0x3c  MK60_mcg.o [1]
                              - 0x1fff08e4   0x4d4

"P2", part 2 of 2:                           0x911
  .bss                          0x1fff08e4   0x911  <Block>
    .bss               zero     0x1fff08e4    0x24  anjian.o [1]
    .bss               zero     0x1fff0908   0x480  control.o [1]
    .bss               zero     0x1fff0d88     0x4  control.o [1]
    .bss               zero     0x1fff0d8c     0x4  control.o [1]
    .bss               zero     0x1fff0d90     0x4  control.o [1]
    .bss               zero     0x1fff0d94   0x400  lcd.o [1]
    .bss               zero     0x1fff1194    0x10  main.o [1]
    .bss               zero     0x1fff11a4     0x4  main.o [1]
    .bss               zero     0x1fff11a8    0x40  MK60_dma.o [1]
    .bss               zero     0x1fff11e8     0xc  system_MK60DZ10.o [1]
    .bss               zero     0x1fff11f4     0x1  control.o [1]
                              - 0x1fff11f5   0x911


*******************************************************************************
*** INIT TABLE
***

          Address     Size
          -------     ----
Zero (__iar_zero_init3)
    1 destination range, total size 0x911:
          0x1fff08e4  0x911



*******************************************************************************
*** MODULE SUMMARY
***

    Module                 ro code  rw code  ro data  rw data
    ------                 -------  -------  -------  -------
C:\Users\Jamorn\Desktop\ccd_program\Prj\IAR\DZ10_Release\Obj: [1]
    MK60_PIT.o                  60
    MK60_adc.o                 296                 8        8
    MK60_conf.o                  4
    MK60_dma.o                 308                         64
    MK60_ftm.o                 372                12       12
    MK60_gpio.o                128                20       20
    MK60_mcg.o                 452       60      132       72
    MK60_port.o                 60                20       20
    MK60_uart.o                380                24       24
    MK60_wdog.o                 44
    VCAN_TSL1401.o             524                28       28
    anjian.o                   524                         36
    control.o                2 610               992    2 157
    lcd.o                    1 268                      1 024
    main.o                     464                         20
    misc.o                      24
    startup_MK60DZ10.o           8
    system_MK60DZ10.o          204                         12
    vectors.o                                  1 040
    ---------------------------------------------------------
    Total:                   7 730       60    2 276    3 497

command line: [2]
    ---------------------------------------------------------
    Total:

dl7M_tlf.a: [3]
    exit.o                       4
    ---------------------------------------------------------
    Total:                       4

m7M_tl.a: [4]
    DblDiv.o                   582
    DblMul.o                   418
    DblToFlt.o                 144
    DblToI32.o                  76
    FltAdd.o                   116
    FltDiv.o                   252
    FltMul.o                   216
    FltSub.o                   230
    FltToDbl.o                  78
    FltToS32.o                  68
    I32ToDbl.o                  44
    I32ToFlt.o                  46
    ---------------------------------------------------------
    Total:                   2 270

rt7M_tl.a: [5]
    ABImemclr.o                  6
    ABImemcpy_unaligned.o      118
    ABImemset.o                 94
    XXexit.o                    12
    cexit.o                     10
    cmain.o                     26
    cstartup_M.o                12
    data_init.o                 40
    zero_init3.o                34
    ---------------------------------------------------------
    Total:                     352

    Gaps                        18
    Linker created               8                16
-------------------------------------------------------------
    Grand Total:            10 382       60    2 292    3 497


*******************************************************************************
*** ENTRY LIST
***

Entry                      Address   Size  Type      Object
-----                      -------   ----  ----      ------
.bss$$Base              0x1fff08e4          --   Gb  - Linker created -
.bss$$Limit             0x1fff11f5          --   Gb  - Linker created -
.data$$Base             0x1fff0410          --   Gb  - Linker created -
.data$$Limit            0x1fff08a8          --   Gb  - Linker created -
.data_init$$Base        0x00001f74          --   Gb  - Linker created -
.data_init$$Limit       0x0000240c          --   Gb  - Linker created -
?main                   0x0000313d         Code  Gb  cmain.o [5]
ADCN                    0x1fff07f0    0x8  Data  Gb  MK60_adc.o [1]
CCD1_Offset             0x1fff07a0    0x4  Data  Gb  control.o [1]
CCD_BUFF                0x1fff0908  0x480  Data  Gb  control.o [1]
CodeRelocate$$Base      0x000030c8          --   Gb  - Linker created -
CodeRelocate$$Limit     0x00003104          --   Gb  - Linker created -
CodeRelocateRam$$Base   0x1fff08a8          --   Gb  - Linker created -
CodeRelocateRam$$Limit  0x1fff08e4          --   Gb  - Linker created -
D                       0x1fff0448    0x4  Data  Gb  control.o [1]
DMA_count_Init          0x00002619   0xe4  Code  Gb  MK60_dma.o [1]
DMA_count_get           0x000026fd   0x16  Code  Gb  MK60_dma.o [1]
DMA_count_reset         0x00002713   0x14  Code  Gb  MK60_dma.o [1]
DPWM                    0x1fff0410    0x2  Data  Gb  control.o [1]
DZerror                 0x1fff0414   0x14  Data  Gb  control.o [1]
F6x8                    0x000018c4  0x228  Data  Gb  lcd.o [1]
FTMN                    0x1fff07f8    0xc  Data  Gb  MK60_ftm.o [1]
FTM_port_mux            0x00001bd5   0xac  Code  Lc  MK60_ftm.o [1]
FWerror                 0x1fff0460    0x4  Data  Gb  control.o [1]
FWerrorpre              0x1fff0464    0x4  Data  Gb  control.o [1]
GPIOX                   0x1fff0804   0x14  Data  Gb  MK60_gpio.o [1]
L1_Lflag                0x1fff077c    0x4  Data  Gb  control.o [1]
L1_flag                 0x1fff0774    0x4  Data  Gb  control.o [1]
L1count                 0x1fff07ac    0x4  Data  Gb  control.o [1]
L2_Lflag                0x1fff078c    0x4  Data  Gb  control.o [1]
L2_flag                 0x1fff0788    0x4  Data  Gb  control.o [1]
LCD_Fill                0x0000167d   0x30  Code  Gb  lcd.o [1]
LCD_Init                0x000016ad   0xf2  Code  Gb  lcd.o [1]
LCD_Show_Number         0x0000183b   0x88  Code  Gb  lcd.o [1]
LCD_WrCmd               0x0000163d   0x40  Code  Gb  lcd.o [1]
LCD_WrDat               0x000015f9   0x44  Code  Gb  lcd.o [1]
LCD_write_char          0x000017e1   0x5a  Code  Gb  lcd.o [1]
Left_mark               0x1fff0798    0x4  Data  Gb  control.o [1]
Max_Value               0x1fff07a4    0x4  Data  Gb  control.o [1]
OLED_GRAM               0x1fff0d94  0x400  Data  Gb  lcd.o [1]
OLED_Refresh_Gram       0x0000179f   0x36  Code  Gb  lcd.o [1]
P                       0x1fff0444    0x4  Data  Gb  control.o [1]
PIT0_IRQHandler         0x00002c65   0x6c  Code  Gb  main.o [1]
PORTX                   0x1fff0860   0x14  Data  Gb  MK60_port.o [1]
R1_Rflag                0x1fff0780    0x4  Data  Gb  control.o [1]
R1_flag                 0x1fff0778    0x4  Data  Gb  control.o [1]
R1count                 0x1fff07b0    0x4  Data  Gb  control.o [1]
R2_Rflag                0x1fff0794    0x4  Data  Gb  control.o [1]
R2_flag                 0x1fff0790    0x4  Data  Gb  control.o [1]
Region$$Table$$Base     0x0000312c          --   Gb  - Linker created -
Region$$Table$$Limit    0x0000313c          --   Gb  - Linker created -
Reset_Handler           0x00000411         Code  Gb  startup_MK60DZ10.o [1]
Right_mark              0x1fff079c    0x4  Data  Gb  control.o [1]
Ryuzhi                  0x1fff07ec    0x4  Data  Gb  control.o [1]
Stopflag                0x1fff0438    0x4  Data  Gb  control.o [1]
UARTN                   0x1fff0874   0x18  Data  Gb  MK60_uart.o [1]
ZA_flag                 0x1fff07b8    0x4  Data  Gb  control.o [1]
ZAline                  0x1fff07bc    0x4  Data  Gb  control.o [1]
__BOOT_STACK_ADDRESS {Abs}
                        0x2000fff8          --   Gb  command line/config [2]
__VECTOR_RAM {Abs}      0x1fff0000          --   Gb  command line/config [2]
__VECTOR_TABLE {Abs}    0x00000000          --   Gb  command line/config [2]
__aeabi_d2f             0x000010e1         Code  Gb  DblToFlt.o [4]
__aeabi_d2iz            0x000015ad         Code  Gb  DblToI32.o [4]
__aeabi_ddiv            0x00000e99         Code  Gb  DblDiv.o [4]
__aeabi_dmul            0x00001409         Code  Gb  DblMul.o [4]
__aeabi_f2d             0x000013b9         Code  Gb  FltToDbl.o [4]
__aeabi_f2iz            0x00001279         Code  Gb  FltToS32.o [4]
__aeabi_fdiv            0x000012bd         Code  Gb  FltDiv.o [4]
__aeabi_fmul            0x000011a1         Code  Gb  FltMul.o [4]
__aeabi_fsub            0x00001aed         Code  Gb  FltSub.o [4]
__aeabi_i2d             0x00000e6d         Code  Gb  I32ToDbl.o [4]
__aeabi_i2f             0x00001171         Code  Gb  I32ToFlt.o [4]
__aeabi_memclr          0x00003061         Code  Gb  ABImemclr.o [5]
__cmain                 0x0000313d         Code  Gb  cmain.o [5]
__code_start__ {Abs}    0x00000410          --   Gb  command line/config [2]
__exit                  0x00003169         Code  Gb  XXexit.o [5]
__iar_Memset_word       0x00003069         Code  Gb  ABImemset.o [5]
__iar_d2uiz             0x000015d9         Code  Gb  DblToI32.o [4]
__iar_data_init3        0x00003105   0x28  Code  Gb  data_init.o [5]
__iar_fadd              0x00001ec5         Code  Gb  FltAdd.o [4]
__iar_fsub              0x00001afd         Code  Gb  FltSub.o [4]
__iar_fsubStart         0x00001b0d         Code  Gb  FltSub.o [4]
__iar_program_start     0x00003175         Code  Gb  cstartup_M.o [5]
__iar_ui2d              0x00000e81         Code  Gb  I32ToDbl.o [4]
__iar_ui2f              0x00001185         Code  Gb  I32ToFlt.o [4]
__iar_unaligned___aeabi_memcpy
                        0x00002fe9         Code  Gb  ABImemcpy_unaligned.o [5]
__iar_unaligned___aeabi_memcpy4
                        0x00003009         Code  Gb  ABImemcpy_unaligned.o [5]
__iar_unaligned___aeabi_memcpy8
                        0x00003009         Code  Gb  ABImemcpy_unaligned.o [5]
__iar_zero_init3        0x00000e4b   0x22  Code  Gb  zero_init3.o [5]
__vector_table          0x00000000  0x410  Data  Gb  vectors.o [1]
_call_main              0x00003149         Code  Gb  cmain.o [5]
_exit                   0x0000315d         Code  Gb  cexit.o [5]
_main                   0x00003153         Code  Gb  cmain.o [5]
acc_flag                0x1fff11f4    0x1  Data  Gb  control.o [1]
adc_init                0x000029d9   0xea  Code  Gb  MK60_adc.o [1]
adc_once                0x00002ac3   0x36  Code  Gb  MK60_adc.o [1]
b                       0x1fff044c    0x4  Data  Gb  control.o [1]
bpre                    0x1fff0450    0x4  Data  Gb  control.o [1]
breakpoint1             0x1fff07c0    0x4  Data  Gb  control.o [1]
breakpoint3             0x1fff07c4    0x4  Data  Gb  control.o [1]
bus_clk_khz             0x1fff11f0    0x4  Data  Gb  system_MK60DZ10.o [1]
c                       0x1fff0428    0x4  Data  Gb  control.o [1]
ccd2_data               0x1fff0470   0x80  Data  Gb  control.o [1]
ccd2_datagy             0x1fff04f4   0x80  Data  Gb  control.o [1]
ccd2_deall              0x00000419  0x8d2  Code  Gb  control.o [1]
change1                 0x1fff042c    0x4  Data  Gb  control.o [1]
common_startup          0x00002f43   0x48  Code  Gb  system_MK60DZ10.o [1]
cont_flag               0x1fff043c    0x4  Data  Gb  control.o [1]
core_clk_khz            0x1fff11e8    0x4  Data  Gb  system_MK60DZ10.o [1]
core_clk_mhz            0x1fff11ec    0x4  Data  Gb  system_MK60DZ10.o [1]
count_init              0x1fff11a8   0x40  Data  Gb  MK60_dma.o [1]
default_isr             0x00003181    0x2  Code  Gb  MK60_conf.o [1]
duzhuan_time            0x1fff0904    0x4  Data  Gb  anjian.o [1]
error                   0x1fff0458    0x4  Data  Gb  control.o [1]
error1                  0x1fff0454    0x4  Data  Gb  control.o [1]
error_speed             0x1fff08ec    0xc  Data  Gb  anjian.o [1]
errorpre                0x1fff045c    0x4  Data  Gb  control.o [1]
exit                    0x00003157    0x4  Code  Gb  exit.o [3]
f                       0x1fff0430    0x4  Data  Gb  control.o [1]
ftm_pwm_duty            0x00001d05   0x36  Code  Gb  MK60_ftm.o [1]
ftm_pwm_init            0x00001c81   0x84  Code  Gb  MK60_ftm.o [1]
gpio_get                0x000027b1   0x18  Code  Gb  MK60_gpio.o [1]
gpio_init               0x0000274d   0x42  Code  Gb  MK60_gpio.o [1]
gpio_set                0x0000278f   0x22  Code  Gb  MK60_gpio.o [1]
init_speed              0x1fff08f8    0x4  Data  Gb  anjian.o [1]
key1                    0x1fff08e4    0x1  Data  Gb  anjian.o [1]
key2                    0x1fff08e5    0x1  Data  Gb  anjian.o [1]
key3                    0x1fff08e6    0x1  Data  Gb  anjian.o [1]
key4                    0x1fff08e7    0x1  Data  Gb  anjian.o [1]
key_scan                0x00002511   0x26  Code  Gb  anjian.o [1]
lastkey1                0x1fff08e8    0x1  Data  Gb  anjian.o [1]
lastkey2                0x1fff08e9    0x1  Data  Gb  anjian.o [1]
lastkey3                0x1fff08ea    0x1  Data  Gb  anjian.o [1]
lastkey4                0x1fff08eb    0x1  Data  Gb  anjian.o [1]
lv                      0x1fff0d8c    0x4  Data  Gb  control.o [1]
m                       0x1fff07d4    0x4  Data  Gb  control.o [1]
main                    0x00002b3d  0x126  Code  Gb  main.o [1]
mcg_cfg                 0x1fff0818   0x44  Data  Gb  MK60_mcg.o [1]
mcg_div                 0x1fff085c    0x4  Data  Gb  MK60_mcg.o [1]
mcg_div_count           0x00002d2d  0x13a  Code  Gb  MK60_mcg.o [1]
miserror1               0x1fff07e0    0x4  Data  Gb  control.o [1]
miserror2               0x1fff07e4    0x4  Data  Gb  control.o [1]
miszhongxian1           0x1fff07d8    0x4  Data  Gb  control.o [1]
miszhongxian2           0x1fff07dc    0x4  Data  Gb  control.o [1]
n                       0x1fff0574  0x200  Data  Gb  control.o [1]
pit_init                0x00002b01   0x30  Code  Gb  MK60_PIT.o [1]
pll_init                0x00002e67   0x7c  Code  Gb  MK60_mcg.o [1]
port_init               0x00001f39   0x2c  Code  Gb  MK60_port.o [1]
qipao                   0x1fff07b4    0x4  Data  Gb  control.o [1]
qipaocount              0x1fff11a0    0x4  Data  Gb  main.o [1]
ratio                   0x1fff07a8    0x4  Data  Gb  control.o [1]
rv                      0x1fff0d90    0x4  Data  Gb  control.o [1]
s                       0x1fff0784    0x4  Data  Gb  control.o [1]
sd                      0x1fff046c    0x4  Data  Gb  control.o [1]
set_sys_dividers        0x1fff08a9   0x3c  Code  Gb  MK60_mcg.o [1]
set_vector_handler      0x00002d13    0x8  Code  Gb  misc.o [1]
setting                 0x00002537   0xd4  Code  Gb  anjian.o [1]
shuchu                  0x00000ceb   0xf6  Code  Gb  control.o [1]
speed                   0x1fff08fc    0x4  Data  Gb  anjian.o [1]
speed_set               0x0000240d  0x104  Code  Gb  anjian.o [1]
speedset                0x1fff0900    0x4  Data  Gb  anjian.o [1]
start                   0x00002ef1   0x1e  Code  Gb  system_MK60DZ10.o [1]
startline_flag          0x1fff0440    0x4  Data  Gb  control.o [1]
startline_time          0x1fff0434    0x4  Data  Gb  control.o [1]
sum                     0x1fff0d88    0x4  Data  Gb  control.o [1]
sysinit                 0x00002f0f   0x34  Code  Gb  system_MK60DZ10.o [1]
temp                    0x1fff04f0    0x1  Data  Gb  control.o [1]
temp4                   0x1fff04f1    0x1  Data  Gb  control.o [1]
tempp                   0x1fff07e8    0x4  Data  Gb  control.o [1]
timecount               0x1fff11a4    0x4  Data  Gb  main.o [1]
tsl1401_addr            0x1fff089c    0x8  Data  Gb  VCAN_TSL1401.o [1]
tsl1401_ch              0x1fff0898    0x4  Data  Gb  VCAN_TSL1401.o [1]
tsl1401_clk             0x1fff0890    0x4  Data  Gb  VCAN_TSL1401.o [1]
tsl1401_clk_out         0x000027df   0x10  Code  Gb  VCAN_TSL1401.o [1]
tsl1401_flag            0x1fff0894    0x1  Data  Lc  VCAN_TSL1401.o [1]
tsl1401_get_img         0x00002879   0x10  Code  Gb  VCAN_TSL1401.o [1]
tsl1401_init            0x000027f9   0x54  Code  Gb  VCAN_TSL1401.o [1]
tsl1401_restet          0x00002933   0x98  Code  Lc  VCAN_TSL1401.o [1]
tsl1401_set_addrs       0x0000284d   0x2c  Code  Gb  VCAN_TSL1401.o [1]
tsl1401_si              0x1fff088c    0x4  Data  Gb  VCAN_TSL1401.o [1]
tsl1401_si_out          0x000027cd   0x12  Code  Gb  VCAN_TSL1401.o [1]
tsl1401_time            0x1fff08a4    0x4  Data  Lc  VCAN_TSL1401.o [1]
tsl1401_time_isr        0x00002889   0xaa  Code  Gb  VCAN_TSL1401.o [1]
uart_init               0x00001d49  0x148  Code  Gb  MK60_uart.o [1]
uart_putbuff            0x00001e91   0x24  Code  Gb  MK60_uart.o [1]
vcan_sendccd            0x00000e09   0x3c  Code  Gb  control.o [1]
vl                      0x1fff1194    0x4  Data  Gb  main.o [1]
vr                      0x1fff1198    0x4  Data  Gb  main.o [1]
wdog_disable            0x00002fbd   0x26  Code  Gb  MK60_wdog.o [1]
wide                    0x1fff07d0    0x4  Data  Gb  control.o [1]
write_vtor              0x00002d0d    0x6  Code  Gb  misc.o [1]
zhangaicount            0x1fff119c    0x4  Data  Gb  main.o [1]
zhongxian               0x1fff0468    0x4  Data  Gb  control.o [1]
zhongxian1              0x1fff07c8    0x4  Data  Gb  control.o [1]
zhongxianpre1           0x1fff07cc    0x4  Data  Gb  control.o [1]


[1] = C:\Users\Jamorn\Desktop\ccd_program\Prj\IAR\DZ10_Release\Obj
[2] = command line
[3] = dl7M_tlf.a
[4] = m7M_tl.a
[5] = rt7M_tl.a

  10 382 bytes of readonly  code memory
      60 bytes of readwrite code memory
   2 292 bytes of readonly  data memory
   3 497 bytes of readwrite data memory

Errors: none
Warnings: none
